../Core/Src/stm32f4xx_it.c:71:6:NMI_Handler	4	static
../Core/Src/stm32f4xx_it.c:86:6:HardFault_Handler	4	static,ignoring_inline_asm
../Core/Src/stm32f4xx_it.c:120:6:MemManage_Handler	4	static
../Core/Src/stm32f4xx_it.c:135:6:BusFault_Handler	4	static
../Core/Src/stm32f4xx_it.c:150:6:UsageFault_Handler	4	static
../Core/Src/stm32f4xx_it.c:165:6:SVC_Handler	4	static
../Core/Src/stm32f4xx_it.c:178:6:DebugMon_Handler	4	static
../Core/Src/stm32f4xx_it.c:191:6:PendSV_Handler	4	static
../Core/Src/stm32f4xx_it.c:204:6:SysTick_Handler	8	static
../Core/Src/stm32f4xx_it.c:225:6:DMA1_Stream3_IRQHandler	8	static
../Core/Src/stm32f4xx_it.c:239:6:DMA1_Stream6_IRQHandler	8	static
../Core/Src/stm32f4xx_it.c:253:6:USART2_IRQHandler	8	static
../Core/Src/stm32f4xx_it.c:267:6:USART3_IRQHandler	8	static
