Archive member included to satisfy reference by file (symbol)

C:/ST/STM32CubeIDE_1.18.0/STM32CubeIDE/plugins/com.st.stm32cube.ide.mcu.externaltools.gnu-tools-for-stm32.13.3.rel1.win32_1.0.0.202411081344/tools/bin/../lib/gcc/arm-none-eabi/13.3.1/../../../../arm-none-eabi/lib/thumb/v7e-m+fp/hard\libc_nano.a(libc_a-exit.o)
                              C:/ST/STM32CubeIDE_1.18.0/STM32CubeIDE/plugins/com.st.stm32cube.ide.mcu.externaltools.gnu-tools-for-stm32.13.3.rel1.win32_1.0.0.202411081344/tools/bin/../lib/gcc/arm-none-eabi/13.3.1/../../../../arm-none-eabi/lib/thumb/v7e-m+fp/hard/crt0.o (exit)
C:/ST/STM32CubeIDE_1.18.0/STM32CubeIDE/plugins/com.st.stm32cube.ide.mcu.externaltools.gnu-tools-for-stm32.13.3.rel1.win32_1.0.0.202411081344/tools/bin/../lib/gcc/arm-none-eabi/13.3.1/../../../../arm-none-eabi/lib/thumb/v7e-m+fp/hard\libc_nano.a(libc_a-rand.o)
                              ./Core/Src/main.o (srand)
C:/ST/STM32CubeIDE_1.18.0/STM32CubeIDE/plugins/com.st.stm32cube.ide.mcu.externaltools.gnu-tools-for-stm32.13.3.rel1.win32_1.0.0.202411081344/tools/bin/../lib/gcc/arm-none-eabi/13.3.1/../../../../arm-none-eabi/lib/thumb/v7e-m+fp/hard\libc_nano.a(libc_a-findfp.o)
                              C:/ST/STM32CubeIDE_1.18.0/STM32CubeIDE/plugins/com.st.stm32cube.ide.mcu.externaltools.gnu-tools-for-stm32.13.3.rel1.win32_1.0.0.202411081344/tools/bin/../lib/gcc/arm-none-eabi/13.3.1/../../../../arm-none-eabi/lib/thumb/v7e-m+fp/hard\libc_nano.a(libc_a-exit.o) (__stdio_exit_handler)
C:/ST/STM32CubeIDE_1.18.0/STM32CubeIDE/plugins/com.st.stm32cube.ide.mcu.externaltools.gnu-tools-for-stm32.13.3.rel1.win32_1.0.0.202411081344/tools/bin/../lib/gcc/arm-none-eabi/13.3.1/../../../../arm-none-eabi/lib/thumb/v7e-m+fp/hard\libc_nano.a(libc_a-fwalk.o)
                              C:/ST/STM32CubeIDE_1.18.0/STM32CubeIDE/plugins/com.st.stm32cube.ide.mcu.externaltools.gnu-tools-for-stm32.13.3.rel1.win32_1.0.0.202411081344/tools/bin/../lib/gcc/arm-none-eabi/13.3.1/../../../../arm-none-eabi/lib/thumb/v7e-m+fp/hard\libc_nano.a(libc_a-findfp.o) (_fwalk_sglue)
C:/ST/STM32CubeIDE_1.18.0/STM32CubeIDE/plugins/com.st.stm32cube.ide.mcu.externaltools.gnu-tools-for-stm32.13.3.rel1.win32_1.0.0.202411081344/tools/bin/../lib/gcc/arm-none-eabi/13.3.1/../../../../arm-none-eabi/lib/thumb/v7e-m+fp/hard\libc_nano.a(libc_a-stdio.o)
                              C:/ST/STM32CubeIDE_1.18.0/STM32CubeIDE/plugins/com.st.stm32cube.ide.mcu.externaltools.gnu-tools-for-stm32.13.3.rel1.win32_1.0.0.202411081344/tools/bin/../lib/gcc/arm-none-eabi/13.3.1/../../../../arm-none-eabi/lib/thumb/v7e-m+fp/hard\libc_nano.a(libc_a-findfp.o) (__sread)
C:/ST/STM32CubeIDE_1.18.0/STM32CubeIDE/plugins/com.st.stm32cube.ide.mcu.externaltools.gnu-tools-for-stm32.13.3.rel1.win32_1.0.0.202411081344/tools/bin/../lib/gcc/arm-none-eabi/13.3.1/../../../../arm-none-eabi/lib/thumb/v7e-m+fp/hard\libc_nano.a(libc_a-memset.o)
                              C:/ST/STM32CubeIDE_1.18.0/STM32CubeIDE/plugins/com.st.stm32cube.ide.mcu.externaltools.gnu-tools-for-stm32.13.3.rel1.win32_1.0.0.202411081344/tools/bin/../lib/gcc/arm-none-eabi/13.3.1/../../../../arm-none-eabi/lib/thumb/v7e-m+fp/hard/crt0.o (memset)
C:/ST/STM32CubeIDE_1.18.0/STM32CubeIDE/plugins/com.st.stm32cube.ide.mcu.externaltools.gnu-tools-for-stm32.13.3.rel1.win32_1.0.0.202411081344/tools/bin/../lib/gcc/arm-none-eabi/13.3.1/../../../../arm-none-eabi/lib/thumb/v7e-m+fp/hard\libc_nano.a(libc_a-closer.o)
                              C:/ST/STM32CubeIDE_1.18.0/STM32CubeIDE/plugins/com.st.stm32cube.ide.mcu.externaltools.gnu-tools-for-stm32.13.3.rel1.win32_1.0.0.202411081344/tools/bin/../lib/gcc/arm-none-eabi/13.3.1/../../../../arm-none-eabi/lib/thumb/v7e-m+fp/hard\libc_nano.a(libc_a-stdio.o) (_close_r)
C:/ST/STM32CubeIDE_1.18.0/STM32CubeIDE/plugins/com.st.stm32cube.ide.mcu.externaltools.gnu-tools-for-stm32.13.3.rel1.win32_1.0.0.202411081344/tools/bin/../lib/gcc/arm-none-eabi/13.3.1/../../../../arm-none-eabi/lib/thumb/v7e-m+fp/hard\libc_nano.a(libc_a-reent.o)
                              C:/ST/STM32CubeIDE_1.18.0/STM32CubeIDE/plugins/com.st.stm32cube.ide.mcu.externaltools.gnu-tools-for-stm32.13.3.rel1.win32_1.0.0.202411081344/tools/bin/../lib/gcc/arm-none-eabi/13.3.1/../../../../arm-none-eabi/lib/thumb/v7e-m+fp/hard\libc_nano.a(libc_a-closer.o) (errno)
C:/ST/STM32CubeIDE_1.18.0/STM32CubeIDE/plugins/com.st.stm32cube.ide.mcu.externaltools.gnu-tools-for-stm32.13.3.rel1.win32_1.0.0.202411081344/tools/bin/../lib/gcc/arm-none-eabi/13.3.1/../../../../arm-none-eabi/lib/thumb/v7e-m+fp/hard\libc_nano.a(libc_a-impure.o)
                              C:/ST/STM32CubeIDE_1.18.0/STM32CubeIDE/plugins/com.st.stm32cube.ide.mcu.externaltools.gnu-tools-for-stm32.13.3.rel1.win32_1.0.0.202411081344/tools/bin/../lib/gcc/arm-none-eabi/13.3.1/../../../../arm-none-eabi/lib/thumb/v7e-m+fp/hard\libc_nano.a(libc_a-rand.o) (_impure_ptr)
[...]
Memory Configuration

Name             Origin             Length             Attributes
RAM              0x20000000         0x00020000         xrw
FLASH            0x08000000         0x00080000         xr
*default*        0x00000000         0xffffffff

Linker script and memory map

LOAD C:/ST/STM32CubeIDE_1.18.0/STM32CubeIDE/plugins/com.st.stm32cube.ide.mcu.externaltools.gnu-tools-for-stm32.13.3.rel1.win32_1.0.0.202411081344/tools/bin/../lib/gcc/arm-none-eabi/13.3.1/thumb/v7e-m+fp/hard/crti.o
LOAD C:/ST/STM32CubeIDE_1.18.0/STM32CubeIDE/plugins/com.st.stm32cube.ide.mcu.externaltools.gnu-tools-for-stm32.13.3.rel1.win32_1.0.0.202411081344/tools/bin/../lib/gcc/arm-none-eabi/13.3.1/thumb/v7e-m+fp/hard/crtbegin.o
LOAD C:/ST/STM32CubeIDE_1.18.0/STM32CubeIDE/plugins/com.st.stm32cube.ide.mcu.externaltools.gnu-tools-for-stm32.13.3.rel1.win32_1.0.0.202411081344/tools/bin/../lib/gcc/arm-none-eabi/13.3.1/../../../../arm-none-eabi/lib/thumb/v7e-m+fp/hard/crt0.o
LOAD ./Core/Src/fatfs_sd.o
LOAD ./Core/Src/font.o
LOAD ./Core/Src/ili9341.o
LOAD ./Core/Src/main.o
LOAD ./Core/Src/stm32f4xx_hal_msp.o
LOAD ./Core/Src/stm32f4xx_it.o
LOAD ./Core/Src/syscalls.o
LOAD ./Core/Src/sysmem.o
LOAD ./Core/Src/system_stm32f4xx.o
LOAD ./Core/Startup/startup_stm32f446retx.o
LOAD ./Drivers/STM32F4xx_HAL_Driver/Src/stm32f4xx_hal.o
LOAD ./Drivers/STM32F4xx_HAL_Driver/Src/stm32f4xx_hal_adc.o
LOAD ./Drivers/STM32F4xx_HAL_Driver/Src/stm32f4xx_hal_adc_ex.o
LOAD ./Drivers/STM32F4xx_HAL_Driver/Src/stm32f4xx_hal_cortex.o
LOAD ./Drivers/STM32F4xx_HAL_Driver/Src/stm32f4xx_hal_dma.o
LOAD ./Drivers/STM32F4xx_HAL_Driver/Src/stm32f4xx_hal_dma_ex.o
LOAD ./Drivers/STM32F4xx_HAL_Driver/Src/stm32f4xx_hal_exti.o
LOAD ./Drivers/STM32F4xx_HAL_Driver/Src/stm32f4xx_hal_flash.o
LOAD ./Drivers/STM32F4xx_HAL_Driver/Src/stm32f4xx_hal_flash_ex.o
LOAD ./Drivers/STM32F4xx_HAL_Driver/Src/stm32f4xx_hal_flash_ramfunc.o
LOAD ./Drivers/STM32F4xx_HAL_Driver/Src/stm32f4xx_hal_gpio.o
LOAD ./Drivers/STM32F4xx_HAL_Driver/Src/stm32f4xx_hal_pwr.o
LOAD ./Drivers/STM32F4xx_HAL_Driver/Src/stm32f4xx_hal_pwr_ex.o
LOAD ./Drivers/STM32F4xx_HAL_Driver/Src/stm32f4xx_hal_rcc.o
LOAD ./Drivers/STM32F4xx_HAL_Driver/Src/stm32f4xx_hal_rcc_ex.o
LOAD ./Drivers/STM32F4xx_HAL_Driver/Src/stm32f4xx_hal_spi.o
LOAD ./Drivers/STM32F4xx_HAL_Driver/Src/stm32f4xx_hal_uart.o
LOAD ./Drivers/STM32F4xx_HAL_Driver/Src/stm32f4xx_ll_adc.o
LOAD ./FATFS/App/fatfs.o
LOAD ./FATFS/Target/user_diskio.o
LOAD ./Middlewares/Third_Party/FatFs/src/diskio.o
LOAD ./Middlewares/Third_Party/FatFs/src/ff.o
LOAD ./Middlewares/Third_Party/FatFs/src/ff_gen_drv.o
LOAD ./Middlewares/Third_Party/FatFs/src/option/ccsbcs.o
LOAD ./Middlewares/Third_Party/FatFs/src/option/syscall.o
START GROUP
LOAD C:/ST/STM32CubeIDE_1.18.0/STM32CubeIDE/plugins/com.st.stm32cube.ide.mcu.externaltools.gnu-tools-for-stm32.13.3.rel1.win32_1.0.0.202411081344/tools/bin/../lib/gcc/arm-none-eabi/13.3.1/../../../../arm-none-eabi/lib/thumb/v7e-m+fp/hard\libc_nano.a
LOAD C:/ST/STM32CubeIDE_1.18.0/STM32CubeIDE/plugins/com.st.stm32cube.ide.mcu.externaltools.gnu-tools-for-stm32.13.3.rel1.win32_1.0.0.202411081344/tools/bin/../lib/gcc/arm-none-eabi/13.3.1/../../../../arm-none-eabi/lib/thumb/v7e-m+fp/hard\libm.a
END GROUP
START GROUP
LOAD C:/ST/STM32CubeIDE_1.18.0/STM32CubeIDE/plugins/com.st.stm32cube.ide.mcu.externaltools.gnu-tools-for-stm32.13.3.rel1.win32_1.0.0.202411081344/tools/bin/../lib/gcc/arm-none-eabi/13.3.1/thumb/v7e-m+fp/hard\libgcc.a
LOAD C:/ST/STM32CubeIDE_1.18.0/STM32CubeIDE/plugins/com.st.stm32cube.ide.mcu.externaltools.gnu-tools-for-stm32.13.3.rel1.win32_1.0.0.202411081344/tools/bin/../lib/gcc/arm-none-eabi/13.3.1/../../../../arm-none-eabi/lib/thumb/v7e-m+fp/hard\libc_nano.a
END GROUP
START GROUP
LOAD C:/ST/STM32CubeIDE_1.18.0/STM32CubeIDE/plugins/com.st.stm32cube.ide.mcu.externaltools.gnu-tools-for-stm32.13.3.rel1.win32_1.0.0.202411081344/tools/bin/../lib/gcc/arm-none-eabi/13.3.1/thumb/v7e-m+fp/hard\libgcc.a
LOAD C:/ST/STM32CubeIDE_1.18.0/STM32CubeIDE/plugins/com.st.stm32cube.ide.mcu.externaltools.gnu-tools-for-stm32.13.3.rel1.win32_1.0.0.202411081344/tools/bin/../lib/gcc/arm-none-eabi/13.3.1/../../../../arm-none-eabi/lib/thumb/v7e-m+fp/hard\libc_nano.a
LOAD C:/ST/STM32CubeIDE_1.18.0/STM32CubeIDE/plugins/com.st.stm32cube.ide.mcu.externaltools.gnu-tools-for-stm32.13.3.rel1.win32_1.0.0.202411081344/tools/bin/../lib/gcc/arm-none-eabi/13.3.1/../../../../arm-none-eabi/lib/thumb/v7e-m+fp/hard\libnosys.a
END GROUP
START GROUP
LOAD C:/ST/STM32CubeIDE_1.18.0/STM32CubeIDE/plugins/com.st.stm32cube.ide.mcu.externaltools.gnu-tools-for-stm32.13.3.rel1.win32_1.0.0.202411081344/tools/bin/../lib/gcc/arm-none-eabi/13.3.1/thumb/v7e-m+fp/hard\libgcc.a
LOAD C:/ST/STM32CubeIDE_1.18.0/STM32CubeIDE/plugins/com.st.stm32cube.ide.mcu.externaltools.gnu-tools-for-stm32.13.3.rel1.win32_1.0.0.202411081344/tools/bin/../lib/gcc/arm-none-eabi/13.3.1/../../../../arm-none-eabi/lib/thumb/v7e-m+fp/hard\libc_nano.a
LOAD C:/ST/STM32CubeIDE_1.18.0/STM32CubeIDE/plugins/com.st.stm32cube.ide.mcu.externaltools.gnu-tools-for-stm32.13.3.rel1.win32_1.0.0.202411081344/tools/bin/../lib/gcc/arm-none-eabi/13.3.1/../../../../arm-none-eabi/lib/thumb/v7e-m+fp/hard\libnosys.a
END GROUP
LOAD C:/ST/STM32CubeIDE_1.18.0/STM32CubeIDE/plugins/com.st.stm32cube.ide.mcu.externaltools.gnu-tools-for-stm32.13.3.rel1.win32_1.0.0.202411081344/tools/bin/../lib/gcc/arm-none-eabi/13.3.1/thumb/v7e-m+fp/hard/crtend.o
LOAD C:/ST/STM32CubeIDE_1.18.0/STM32CubeIDE/plugins/com.st.stm32cube.ide.mcu.externaltools.gnu-tools-for-stm32.13.3.rel1.win32_1.0.0.202411081344/tools/bin/../lib/gcc/arm-none-eabi/13.3.1/thumb/v7e-m+fp/hard/crtn.o
                0x20020000                        _estack = (ORIGIN (RAM) + LENGTH (RAM))
                0x00000200                        _Min_Heap_Size = 0x200
                0x00000400                        _Min_Stack_Size = 0x400

.isr_vector     0x08000000      0x1c4
                0x08000000                        . = ALIGN (0x4)
 *(.isr_vector)
 .isr_vector    0x08000000      0x1c4 ./Core/Startup/startup_stm32f446retx.o
                0x08000000                g_pfnVectors
                0x080001c4                        . = ALIGN (0x4)

.text           0x080001d0     0xdff8
                0x080001d0                        . = ALIGN (0x4)
 *(.text)
 .text          0x080001d0       0x40 C:/ST/STM32CubeIDE_1.18.0/STM32CubeIDE/plugins/com.st.stm32cube.ide.mcu.externaltools.gnu-tools-for-stm32.13.3.rel1.win32_1.0.0.202411081344/tools/bin/../lib/gcc/arm-none-eabi/13.3.1/thumb/v7e-m+fp/hard/crtbegin.o
 .text          0x08000210       0xa0 C:/ST/STM32CubeIDE_1.18.0/STM32CubeIDE/plugins/com.st.stm32cube.ide.mcu.externaltools.gnu-tools-for-stm32.13.3.rel1.win32_1.0.0.202411081344/tools/bin/../lib/gcc/arm-none-eabi/13.3.1/../../../../arm-none-eabi/lib/thumb/v7e-m+fp/hard\libc_nano.a(libc_a-memchr.o)
                0x08000210                memchr
 .text          0x080002b0       0x30 C:/ST/STM32CubeIDE_1.18.0/STM32CubeIDE/plugins/com.st.stm32cube.ide.mcu.externaltools.gnu-tools-for-stm32.13.3.rel1.win32_1.0.0.202411081344/tools/bin/../lib/gcc/arm-none-eabi/13.3.1/thumb/v7e-m+fp/hard\libgcc.a(_aeabi_uldivmod.o)
                0x080002b0                __aeabi_uldivmod
 .text          0x080002e0      0x2f8 C:/ST/STM32CubeIDE_1.18.0/STM32CubeIDE/plugins/com.st.stm32cube.ide.mcu.externaltools.gnu-tools-for-stm32.13.3.rel1.win32_1.0.0.202411081344/tools/bin/../lib/gcc/arm-none-eabi/13.3.1/thumb/v7e-m+fp/hard\libgcc.a(_udivmoddi4.o)
                0x080002e0                __udivmoddi4
 .text          0x080005d8        0x4 C:/ST/STM32CubeIDE_1.18.0/STM32CubeIDE/plugins/com.st.stm32cube.ide.mcu.externaltools.gnu-tools-for-stm32.13.3.rel1.win32_1.0.0.202411081344/tools/bin/../lib/gcc/arm-none-eabi/13.3.1/thumb/v7e-m+fp/hard\libgcc.a(_dvmd_tls.o)
                0x080005d8                __aeabi_idiv0
                0x080005d8                __aeabi_ldiv0
 *(.text*)
 .text.SELECT   0x080005dc       0x1c ./Core/Src/fatfs_sd.o
 .text.DESELECT
                0x080005f8       0x1c ./Core/Src/fatfs_sd.o
 .text.SPI_TxByte
                0x08000614       0x34 ./Core/Src/fatfs_sd.o
 .text.SPI_TxBuffer
                0x08000648       0x34 ./Core/Src/fatfs_sd.o
 .text.SPI_RxByte
                0x0800067c       0x38 ./Core/Src/fatfs_sd.o
 .text.SPI_RxBytePtr
                0x080006b4       0x1c ./Core/Src/fatfs_sd.o
 .text.SD_ReadyWait
                0x080006d0       0x34 ./Core/Src/fatfs_sd.o
 .text.SD_PowerOn
                0x08000704       0x84 ./Core/Src/fatfs_sd.o
 .text.SD_PowerOff
                0x08000788       0x18 ./Core/Src/fatfs_sd.o
 .text.SD_CheckPower
                0x080007a0       0x18 ./Core/Src/fatfs_sd.o
 .text.SD_RxDataBlock
                0x080007b8       0x5c ./Core/Src/fatfs_sd.o
 .text.SD_TxDataBlock
                0x08000814       0x86 ./Core/Src/fatfs_sd.o
 .text.SD_SendCmd
                0x0800089a       0xa8 ./Core/Src/fatfs_sd.o
 *fill*         0x08000942        0x2 
 .text.SD_disk_initialize
                0x08000944      0x1cc ./Core/Src/fatfs_sd.o
                0x08000944                SD_disk_initialize
 .text.SD_disk_status
                0x08000b10       0x2c ./Core/Src/fatfs_sd.o
                0x08000b10                SD_disk_status
 .text.SD_disk_read
                0x08000b3c       0xd4 ./Core/Src/fatfs_sd.o
                0x08000b3c                SD_disk_read
 .text.SD_disk_write
                0x08000c10      0x108 ./Core/Src/fatfs_sd.o
                0x08000c10                SD_disk_write
 .text.SD_disk_ioctl
                0x08000d18      0x254 ./Core/Src/fatfs_sd.o
                0x08000d18                SD_disk_ioctl
 .text.LCD_Init
                0x08000f6c      0x1f8 ./Core/Src/ili9341.o
                0x08000f6c                LCD_Init
 .text.LCD_CMD  0x08001164      0x14c ./Core/Src/ili9341.o
                0x08001164                LCD_CMD
 .text.LCD_DATA
                0x080012b0      0x14c ./Core/Src/ili9341.o
                0x080012b0                LCD_DATA
 .text.SetWindows
                0x080013fc       0x80 ./Core/Src/ili9341.o
                0x080013fc                SetWindows
 .text.LCD_Clear
                0x0800147c       0x88 ./Core/Src/ili9341.o
                0x0800147c                LCD_Clear
 .text.FillRect
                0x08001504       0xb4 ./Core/Src/ili9341.o
                0x08001504                FillRect
 .text.LCD_Bitmap
                0x080015b8       0xe0 ./Core/Src/ili9341.o
                0x080015b8                LCD_Bitmap
 .text.CreateBackground
                0x08001698       0xa8 ./Core/Src/main.o
                0x08001698                CreateBackground
 .text.init_random
                0x08001740       0x34 ./Core/Src/main.o
                0x08001740                init_random
 .text.get_random
                0x08001774       0x2e ./Core/Src/main.o
                0x08001774                get_random
 *fill*         0x080017a2        0x2 
 .text.restart_game
                0x080017a4      0x5ac ./Core/Src/main.o
                0x080017a4                restart_game
 .text.display_menu
                0x08001d50      0x128 ./Core/Src/main.o
                0x08001d50                display_menu
 .text.main     0x08001e78     0x3d38 ./Core/Src/main.o
                0x08001e78                main
 .text.SystemClock_Config
                0x08005bb0       0xdc ./Core/Src/main.o
                0x08005bb0                SystemClock_Config
 .text.MX_ADC1_Init
                0x08005c8c       0xa4 ./Core/Src/main.o
 .text.MX_SPI1_Init
                0x08005d30       0x6c ./Core/Src/main.o
 .text.MX_USART2_UART_Init
                0x08005d9c       0x54 ./Core/Src/main.o
 .text.MX_USART3_UART_Init
                0x08005df0       0x54 ./Core/Src/main.o
 .text.MX_DMA_Init
                0x08005e44       0x50 ./Core/Src/main.o
 .text.MX_GPIO_Init
                0x08005e94      0x15c ./Core/Src/main.o
 .text.HAL_UART_RxCpltCallback
                0x08005ff0       0x2c ./Core/Src/main.o
                0x08005ff0                HAL_UART_RxCpltCallback
 .text.Error_Handler
                0x0800601c        0xc ./Core/Src/main.o
                0x0800601c                Error_Handler
 .text.HAL_MspInit
                0x08006028       0x50 ./Core/Src/stm32f4xx_hal_msp.o
                0x08006028                HAL_MspInit
 .text.HAL_ADC_MspInit
                0x08006078       0x88 ./Core/Src/stm32f4xx_hal_msp.o
                0x08006078                HAL_ADC_MspInit
 .text.HAL_SPI_MspInit
                0x08006100       0x90 ./Core/Src/stm32f4xx_hal_msp.o
                0x08006100                HAL_SPI_MspInit
 .text.HAL_UART_MspInit
                0x08006190      0x1e8 ./Core/Src/stm32f4xx_hal_msp.o
                0x08006190                HAL_UART_MspInit
 .text.NMI_Handler
                0x08006378        0x8 ./Core/Src/stm32f4xx_it.o
                0x08006378                NMI_Handler
 .text.HardFault_Handler
                0x08006380       0x24 ./Core/Src/stm32f4xx_it.o
                0x08006380                HardFault_Handler
 .text.MemManage_Handler
                0x080063a4        0x8 ./Core/Src/stm32f4xx_it.o
                0x080063a4                MemManage_Handler
 .text.BusFault_Handler
                0x080063ac        0x8 ./Core/Src/stm32f4xx_it.o
                0x080063ac                BusFault_Handler
 .text.UsageFault_Handler
                0x080063b4        0x8 ./Core/Src/stm32f4xx_it.o
                0x080063b4                UsageFault_Handler
 .text.SVC_Handler
                0x080063bc        0xe ./Core/Src/stm32f4xx_it.o
                0x080063bc                SVC_Handler
 .text.DebugMon_Handler
                0x080063ca        0xe ./Core/Src/stm32f4xx_it.o
                0x080063ca                DebugMon_Handler
 .text.PendSV_Handler
                0x080063d8        0xe ./Core/Src/stm32f4xx_it.o
                0x080063d8                PendSV_Handler
 .text.SysTick_Handler
                0x080063e6        0xc ./Core/Src/stm32f4xx_it.o
                0x080063e6                SysTick_Handler
 *fill*         0x080063f2        0x2 
 .text.DMA1_Stream3_IRQHandler
                0x080063f4       0x14 ./Core/Src/stm32f4xx_it.o
                0x080063f4                DMA1_Stream3_IRQHandler
 .text.DMA1_Stream6_IRQHandler
                0x08006408       0x14 ./Core/Src/stm32f4xx_it.o
                0x08006408                DMA1_Stream6_IRQHandler
 .text.USART2_IRQHandler
                0x0800641c       0x14 ./Core/Src/stm32f4xx_it.o
                0x0800641c                USART2_IRQHandler
 .text.USART3_IRQHandler
                0x08006430       0x14 ./Core/Src/stm32f4xx_it.o
                0x08006430                USART3_IRQHandler
 .text._getpid  0x08006444       0x10 ./Core/Src/syscalls.o
                0x08006444                _getpid
 .text._kill    0x08006454       0x20 ./Core/Src/syscalls.o
                0x08006454                _kill
 .text._exit    0x08006474       0x16 ./Core/Src/syscalls.o
                0x08006474                _exit
 .text._read    0x0800648a       0x3a ./Core/Src/syscalls.o
                0x0800648a                _read
 .text._write   0x080064c4       0x38 ./Core/Src/syscalls.o
                0x080064c4                _write
 .text._close   0x080064fc       0x18 ./Core/Src/syscalls.o
                0x080064fc                _close
 .text._fstat   0x08006514       0x20 ./Core/Src/syscalls.o
                0x08006514                _fstat
 .text._isatty  0x08006534       0x16 ./Core/Src/syscalls.o
                0x08006534                _isatty
 .text._lseek   0x0800654a       0x1a ./Core/Src/syscalls.o
                0x0800654a                _lseek
 .text._sbrk    0x08006564       0x6c ./Core/Src/sysmem.o
                0x08006564                _sbrk
 .text.SystemInit
                0x080065d0       0x24 ./Core/Src/system_stm32f4xx.o
                0x080065d0                SystemInit
 .text.Reset_Handler
                0x080065f4       0x50 ./Core/Startup/startup_stm32f446retx.o
                0x080065f4                Reset_Handler
 .text.Default_Handler
                0x08006644        0x2 ./Core/Startup/startup_stm32f446retx.o
                0x08006644                RTC_Alarm_IRQHandler
                0x08006644                EXTI2_IRQHandler
                0x08006644                TIM8_CC_IRQHandler
                0x08006644                FMPI2C1_EV_IRQHandler
                0x08006644                SPI4_IRQHandler
                0x08006644                TIM1_CC_IRQHandler
                0x08006644                DMA2_Stream5_IRQHandler
                0x08006644                DMA1_Stream5_IRQHandler
                0x08006644                PVD_IRQHandler
                0x08006644                SDIO_IRQHandler
                0x08006644                TAMP_STAMP_IRQHandler
                0x08006644                CAN2_RX1_IRQHandler
                0x08006644                EXTI3_IRQHandler
                0x08006644                TIM8_TRG_COM_TIM14_IRQHandler
                0x08006644                TIM1_UP_TIM10_IRQHandler
                0x08006644                TIM8_UP_TIM13_IRQHandler
                0x08006644                I2C3_ER_IRQHandler
                0x08006644                EXTI0_IRQHandler
                0x08006644                I2C2_EV_IRQHandler
                0x08006644                DMA1_Stream2_IRQHandler
                0x08006644                CAN1_RX0_IRQHandler
                0x08006644                FPU_IRQHandler
                0x08006644                OTG_HS_WKUP_IRQHandler
                0x08006644                CAN2_SCE_IRQHandler
                0x08006644                DMA2_Stream2_IRQHandler
                0x08006644                SPI1_IRQHandler
                0x08006644                TIM6_DAC_IRQHandler
                0x08006644                TIM1_BRK_TIM9_IRQHandler
                0x08006644                DCMI_IRQHandler
                0x08006644                CAN2_RX0_IRQHandler
                0x08006644                DMA2_Stream3_IRQHandler
                0x08006644                SAI2_IRQHandler
                0x08006644                USART6_IRQHandler
                0x08006644                CAN1_RX1_IRQHandler
                0x08006644                UART5_IRQHandler
                0x08006644                DMA2_Stream0_IRQHandler
                0x08006644                TIM4_IRQHandler
                0x08006644                QUADSPI_IRQHandler
                0x08006644                I2C1_EV_IRQHandler
                0x08006644                DMA1_Stream1_IRQHandler
                0x08006644                UART4_IRQHandler
                0x08006644                TIM3_IRQHandler
                0x08006644                RCC_IRQHandler
                0x08006644                TIM8_BRK_TIM12_IRQHandler
                0x08006644                Default_Handler
                0x08006644                CEC_IRQHandler
                0x08006644                EXTI15_10_IRQHandler
                0x08006644                ADC_IRQHandler
                0x08006644                DMA1_Stream7_IRQHandler
                0x08006644                TIM7_IRQHandler
                0x08006644                CAN2_TX_IRQHandler
                0x08006644                TIM5_IRQHandler
                0x08006644                DMA2_Stream7_IRQHandler
                0x08006644                I2C3_EV_IRQHandler
                0x08006644                EXTI9_5_IRQHandler
                0x08006644                RTC_WKUP_IRQHandler
                0x08006644                SPDIF_RX_IRQHandler
                0x08006644                SPI2_IRQHandler
                0x08006644                OTG_HS_EP1_IN_IRQHandler
                0x08006644                DMA1_Stream0_IRQHandler
                0x08006644                CAN1_TX_IRQHandler
                0x08006644                FMPI2C1_ER_IRQHandler
                0x08006644                EXTI4_IRQHandler
                0x08006644                OTG_HS_EP1_OUT_IRQHandler
                0x08006644                WWDG_IRQHandler
                0x08006644                TIM2_IRQHandler
                0x08006644                OTG_FS_WKUP_IRQHandler
                0x08006644                TIM1_TRG_COM_TIM11_IRQHandler
                0x08006644                OTG_HS_IRQHandler
                0x08006644                EXTI1_IRQHandler
                0x08006644                I2C2_ER_IRQHandler
                0x08006644                DMA2_Stream1_IRQHandler
                0x08006644                CAN1_SCE_IRQHandler
                0x08006644                FLASH_IRQHandler
                0x08006644                DMA2_Stream4_IRQHandler
                0x08006644                USART1_IRQHandler
                0x08006644                OTG_FS_IRQHandler
                0x08006644                SPI3_IRQHandler
                0x08006644                DMA1_Stream4_IRQHandler
                0x08006644                I2C1_ER_IRQHandler
                0x08006644                FMC_IRQHandler
                0x08006644                DMA2_Stream6_IRQHandler
                0x08006644                SAI1_IRQHandler
 *fill*         0x08006646        0x2 
 .text.HAL_Init
                0x08006648       0x44 ./Drivers/STM32F4xx_HAL_Driver/Src/stm32f4xx_hal.o
                0x08006648                HAL_Init
 .text.HAL_InitTick
                0x0800668c       0x60 ./Drivers/STM32F4xx_HAL_Driver/Src/stm32f4xx_hal.o
                0x0800668c                HAL_InitTick
 .text.HAL_IncTick
                0x080066ec       0x28 ./Drivers/STM32F4xx_HAL_Driver/Src/stm32f4xx_hal.o
                0x080066ec                HAL_IncTick
 .text.HAL_GetTick
                0x08006714       0x18 ./Drivers/STM32F4xx_HAL_Driver/Src/stm32f4xx_hal.o
                0x08006714                HAL_GetTick
 .text.HAL_Delay
                0x0800672c       0x48 ./Drivers/STM32F4xx_HAL_Driver/Src/stm32f4xx_hal.o
                0x0800672c                HAL_Delay
 .text.HAL_ADC_Init
                0x08006774       0x86 ./Drivers/STM32F4xx_HAL_Driver/Src/stm32f4xx_hal_adc.o
                0x08006774                HAL_ADC_Init
 *fill*         0x080067fa        0x2 
 .text.HAL_ADC_Start
                0x080067fc      0x1a4 ./Drivers/STM32F4xx_HAL_Driver/Src/stm32f4xx_hal_adc.o
                0x080067fc                HAL_ADC_Start
 .text.HAL_ADC_PollForConversion
                0x080069a0      0x116 ./Drivers/STM32F4xx_HAL_Driver/Src/stm32f4xx_hal_adc.o
                0x080069a0                HAL_ADC_PollForConversion
 .text.HAL_ADC_GetValue
                0x08006ab6       0x1a ./Drivers/STM32F4xx_HAL_Driver/Src/stm32f4xx_hal_adc.o
                0x08006ab6                HAL_ADC_GetValue
 .text.HAL_ADC_ConfigChannel
                0x08006ad0      0x264 ./Drivers/STM32F4xx_HAL_Driver/Src/stm32f4xx_hal_adc.o
                0x08006ad0                HAL_ADC_ConfigChannel
 .text.ADC_Init
                0x08006d34      0x1f8 ./Drivers/STM32F4xx_HAL_Driver/Src/stm32f4xx_hal_adc.o
 .text.__NVIC_SetPriorityGrouping
                0x08006f2c       0x48 ./Drivers/STM32F4xx_HAL_Driver/Src/stm32f4xx_hal_cortex.o
 .text.__NVIC_GetPriorityGrouping
                0x08006f74       0x1c ./Drivers/STM32F4xx_HAL_Driver/Src/stm32f4xx_hal_cortex.o
 .text.__NVIC_EnableIRQ
                0x08006f90       0x3c ./Drivers/STM32F4xx_HAL_Driver/Src/stm32f4xx_hal_cortex.o
 .text.__NVIC_SetPriority
                0x08006fcc       0x54 ./Drivers/STM32F4xx_HAL_Driver/Src/stm32f4xx_hal_cortex.o
 .text.NVIC_EncodePriority
                0x08007020       0x66 ./Drivers/STM32F4xx_HAL_Driver/Src/stm32f4xx_hal_cortex.o
 *fill*         0x08007086        0x2 
 .text.SysTick_Config
                0x08007088       0x44 ./Drivers/STM32F4xx_HAL_Driver/Src/stm32f4xx_hal_cortex.o
 .text.HAL_NVIC_SetPriorityGrouping
                0x080070cc       0x16 ./Drivers/STM32F4xx_HAL_Driver/Src/stm32f4xx_hal_cortex.o
                0x080070cc                HAL_NVIC_SetPriorityGrouping
 .text.HAL_NVIC_SetPriority
                0x080070e2       0x38 ./Drivers/STM32F4xx_HAL_Driver/Src/stm32f4xx_hal_cortex.o
                0x080070e2                HAL_NVIC_SetPriority
 .text.HAL_NVIC_EnableIRQ
                0x0800711a       0x1c ./Drivers/STM32F4xx_HAL_Driver/Src/stm32f4xx_hal_cortex.o
                0x0800711a                HAL_NVIC_EnableIRQ
 .text.HAL_SYSTICK_Config
                0x08007136       0x18 ./Drivers/STM32F4xx_HAL_Driver/Src/stm32f4xx_hal_cortex.o
                0x08007136                HAL_SYSTICK_Config
 *fill*         0x0800714e        0x2 
 .text.HAL_DMA_Init
                0x08007150      0x15c ./Drivers/STM32F4xx_HAL_Driver/Src/stm32f4xx_hal_dma.o
                0x08007150                HAL_DMA_Init
 .text.HAL_DMA_Start_IT
                0x080072ac       0xb0 ./Drivers/STM32F4xx_HAL_Driver/Src/stm32f4xx_hal_dma.o
                0x080072ac                HAL_DMA_Start_IT
 .text.HAL_DMA_Abort
                0x0800735c       0xe0 ./Drivers/STM32F4xx_HAL_Driver/Src/stm32f4xx_hal_dma.o
                0x0800735c                HAL_DMA_Abort
 .text.HAL_DMA_Abort_IT
                0x0800743c       0x44 ./Drivers/STM32F4xx_HAL_Driver/Src/stm32f4xx_hal_dma.o
                0x0800743c                HAL_DMA_Abort_IT
 .text.HAL_DMA_IRQHandler
                0x08007480      0x314 ./Drivers/STM32F4xx_HAL_Driver/Src/stm32f4xx_hal_dma.o
                0x08007480                HAL_DMA_IRQHandler
 .text.DMA_SetConfig
                0x08007794       0x5c ./Drivers/STM32F4xx_HAL_Driver/Src/stm32f4xx_hal_dma.o
 .text.DMA_CalcBaseAndBitshift
                0x080077f0       0x6c ./Drivers/STM32F4xx_HAL_Driver/Src/stm32f4xx_hal_dma.o
 .text.DMA_CheckFifoParam
                0x0800785c       0xf8 ./Drivers/STM32F4xx_HAL_Driver/Src/stm32f4xx_hal_dma.o
 .text.HAL_GPIO_Init
                0x08007954      0x328 ./Drivers/STM32F4xx_HAL_Driver/Src/stm32f4xx_hal_gpio.o
                0x08007954                HAL_GPIO_Init
 .text.HAL_GPIO_WritePin
                0x08007c7c       0x32 ./Drivers/STM32F4xx_HAL_Driver/Src/stm32f4xx_hal_gpio.o
                0x08007c7c                HAL_GPIO_WritePin
 *fill*         0x08007cae        0x2 
 .text.HAL_RCC_ClockConfig
                0x08007cb0      0x1cc ./Drivers/STM32F4xx_HAL_Driver/Src/stm32f4xx_hal_rcc.o
                0x08007cb0                HAL_RCC_ClockConfig
 .text.HAL_RCC_GetHCLKFreq
                0x08007e7c       0x18 ./Drivers/STM32F4xx_HAL_Driver/Src/stm32f4xx_hal_rcc.o
                0x08007e7c                HAL_RCC_GetHCLKFreq
 .text.HAL_RCC_GetPCLK1Freq
                0x08007e94       0x28 ./Drivers/STM32F4xx_HAL_Driver/Src/stm32f4xx_hal_rcc.o
                0x08007e94                HAL_RCC_GetPCLK1Freq
 .text.HAL_RCC_GetPCLK2Freq
                0x08007ebc       0x28 ./Drivers/STM32F4xx_HAL_Driver/Src/stm32f4xx_hal_rcc.o
                0x08007ebc                HAL_RCC_GetPCLK2Freq
 .text.HAL_RCC_GetSysClockFreq
                0x08007ee4      0x460 ./Drivers/STM32F4xx_HAL_Driver/Src/stm32f4xx_hal_rcc_ex.o
                0x08007ee4                HAL_RCC_GetSysClockFreq
 .text.HAL_RCC_OscConfig
                0x08008344      0x53c ./Drivers/STM32F4xx_HAL_Driver/Src/stm32f4xx_hal_rcc_ex.o
                0x08008344                HAL_RCC_OscConfig
 .text.HAL_SPI_Init
                0x08008880      0x112 ./Drivers/STM32F4xx_HAL_Driver/Src/stm32f4xx_hal_spi.o
                0x08008880                HAL_SPI_Init
 .text.HAL_SPI_Transmit
                0x08008992      0x288 ./Drivers/STM32F4xx_HAL_Driver/Src/stm32f4xx_hal_spi.o
                0x08008992                HAL_SPI_Transmit
 .text.HAL_SPI_TransmitReceive
                0x08008c1a      0x352 ./Drivers/STM32F4xx_HAL_Driver/Src/stm32f4xx_hal_spi.o
                0x08008c1a                HAL_SPI_TransmitReceive
 .text.SPI_WaitFlagStateUntilTimeout
                0x08008f6c      0x110 ./Drivers/STM32F4xx_HAL_Driver/Src/stm32f4xx_hal_spi.o
 .text.SPI_EndRxTxTransaction
                0x0800907c       0xa8 ./Drivers/STM32F4xx_HAL_Driver/Src/stm32f4xx_hal_spi.o
 .text.HAL_UART_Init
                0x08009124       0xa0 ./Drivers/STM32F4xx_HAL_Driver/Src/stm32f4xx_hal_uart.o
                0x08009124                HAL_UART_Init
 .text.HAL_UART_Receive_IT
                0x080091c4       0x4a ./Drivers/STM32F4xx_HAL_Driver/Src/stm32f4xx_hal_uart.o
                0x080091c4                HAL_UART_Receive_IT
 *fill*         0x0800920e        0x2 
 .text.HAL_UART_Transmit_DMA
                0x08009210       0xe0 ./Drivers/STM32F4xx_HAL_Driver/Src/stm32f4xx_hal_uart.o
                0x08009210                HAL_UART_Transmit_DMA
 .text.HAL_UART_IRQHandler
                0x080092f0      0x524 ./Drivers/STM32F4xx_HAL_Driver/Src/stm32f4xx_hal_uart.o
                0x080092f0                HAL_UART_IRQHandler
 .text.HAL_UART_TxCpltCallback
                0x08009814       0x14 ./Drivers/STM32F4xx_HAL_Driver/Src/stm32f4xx_hal_uart.o
                0x08009814                HAL_UART_TxCpltCallback
 .text.HAL_UART_TxHalfCpltCallback
                0x08009828       0x14 ./Drivers/STM32F4xx_HAL_Driver/Src/stm32f4xx_hal_uart.o
                0x08009828                HAL_UART_TxHalfCpltCallback
 .text.HAL_UART_ErrorCallback
                0x0800983c       0x14 ./Drivers/STM32F4xx_HAL_Driver/Src/stm32f4xx_hal_uart.o
                0x0800983c                HAL_UART_ErrorCallback
 .text.HAL_UARTEx_RxEventCallback
                0x08009850       0x18 ./Drivers/STM32F4xx_HAL_Driver/Src/stm32f4xx_hal_uart.o
                0x08009850                HAL_UARTEx_RxEventCallback
 .text.UART_DMATransmitCplt
                0x08009868       0x9a ./Drivers/STM32F4xx_HAL_Driver/Src/stm32f4xx_hal_uart.o
 .text.UART_DMATxHalfCplt
                0x08009902       0x1c ./Drivers/STM32F4xx_HAL_Driver/Src/stm32f4xx_hal_uart.o
 .text.UART_DMAError
                0x0800991e       0x94 ./Drivers/STM32F4xx_HAL_Driver/Src/stm32f4xx_hal_uart.o
 .text.UART_Start_Receive_IT
                0x080099b2       0x74 ./Drivers/STM32F4xx_HAL_Driver/Src/stm32f4xx_hal_uart.o
                0x080099b2                UART_Start_Receive_IT
 .text.UART_EndTxTransfer
                0x08009a26       0x50 ./Drivers/STM32F4xx_HAL_Driver/Src/stm32f4xx_hal_uart.o
 .text.UART_EndRxTransfer
                0x08009a76       0xc6 ./Drivers/STM32F4xx_HAL_Driver/Src/stm32f4xx_hal_uart.o
 .text.UART_DMAAbortOnError
                0x08009b3c       0x28 ./Drivers/STM32F4xx_HAL_Driver/Src/stm32f4xx_hal_uart.o
 .text.UART_Transmit_IT
                0x08009b64       0xa0 ./Drivers/STM32F4xx_HAL_Driver/Src/stm32f4xx_hal_uart.o
 .text.UART_EndTransmit_IT
                0x08009c04       0x30 ./Drivers/STM32F4xx_HAL_Driver/Src/stm32f4xx_hal_uart.o
 .text.UART_Receive_IT
                0x08009c34      0x17c ./Drivers/STM32F4xx_HAL_Driver/Src/stm32f4xx_hal_uart.o
 .text.UART_SetConfig
                0x08009db0      0x4e8 ./Drivers/STM32F4xx_HAL_Driver/Src/stm32f4xx_hal_uart.o
 .text.MX_FATFS_Init
                0x0800a298       0x24 ./FATFS/App/fatfs.o
                0x0800a298                MX_FATFS_Init
 .text.get_fattime
                0x0800a2bc       0x10 ./FATFS/App/fatfs.o
                0x0800a2bc                get_fattime
 .text.USER_initialize
                0x0800a2cc       0x1c ./FATFS/Target/user_diskio.o
                0x0800a2cc                USER_initialize
 .text.USER_status
                0x0800a2e8       0x1c ./FATFS/Target/user_diskio.o
                0x0800a2e8                USER_status
 .text.USER_read
                0x0800a304       0x26 ./FATFS/Target/user_diskio.o
                0x0800a304                USER_read
 .text.USER_write
                0x0800a32a       0x26 ./FATFS/Target/user_diskio.o
                0x0800a32a                USER_write
 .text.USER_ioctl
                0x0800a350       0x26 ./FATFS/Target/user_diskio.o
                0x0800a350                USER_ioctl
 *fill*         0x0800a376        0x2 
 .text.disk_status
                0x0800a378       0x34 ./Middlewares/Third_Party/FatFs/src/diskio.o
                0x0800a378                disk_status
 .text.disk_initialize
                0x0800a3ac       0x50 ./Middlewares/Third_Party/FatFs/src/diskio.o
                0x0800a3ac                disk_initialize
 .text.disk_read
                0x0800a3fc       0x40 ./Middlewares/Third_Party/FatFs/src/diskio.o
                0x0800a3fc                disk_read
 .text.disk_write
                0x0800a43c       0x40 ./Middlewares/Third_Party/FatFs/src/diskio.o
                0x0800a43c                disk_write
 .text.disk_ioctl
                0x0800a47c       0x3c ./Middlewares/Third_Party/FatFs/src/diskio.o
                0x0800a47c                disk_ioctl
 .text.ld_word  0x0800a4b8       0x32 ./Middlewares/Third_Party/FatFs/src/ff.o
 .text.ld_dword
                0x0800a4ea       0x46 ./Middlewares/Third_Party/FatFs/src/ff.o
 .text.st_word  0x0800a530       0x36 ./Middlewares/Third_Party/FatFs/src/ff.o
 .text.st_dword
                0x0800a566       0x58 ./Middlewares/Third_Party/FatFs/src/ff.o
 .text.mem_cpy  0x0800a5be       0x42 ./Middlewares/Third_Party/FatFs/src/ff.o
 .text.mem_set  0x0800a600       0x36 ./Middlewares/Third_Party/FatFs/src/ff.o
 .text.mem_cmp  0x0800a636       0x4e ./Middlewares/Third_Party/FatFs/src/ff.o
 .text.chk_chr  0x0800a684       0x36 ./Middlewares/Third_Party/FatFs/src/ff.o
 *fill*         0x0800a6ba        0x2 
 .text.chk_lock
                0x0800a6bc       0xb8 ./Middlewares/Third_Party/FatFs/src/ff.o
 .text.enq_lock
                0x0800a774       0x44 ./Middlewares/Third_Party/FatFs/src/ff.o
 .text.inc_lock
                0x0800a7b8      0x11c ./Middlewares/Third_Party/FatFs/src/ff.o
 .text.dec_lock
                0x0800a8d4       0x78 ./Middlewares/Third_Party/FatFs/src/ff.o
 .text.clear_lock
                0x0800a94c       0x48 ./Middlewares/Third_Party/FatFs/src/ff.o
 .text.sync_window
                0x0800a994       0x88 ./Middlewares/Third_Party/FatFs/src/ff.o
 .text.move_window
                0x0800aa1c       0x5a ./Middlewares/Third_Party/FatFs/src/ff.o
 *fill*         0x0800aa76        0x2 
 .text.sync_fs  0x0800aa78       0xe0 ./Middlewares/Third_Party/FatFs/src/ff.o
 .text.clust2sect
                0x0800ab58       0x3e ./Middlewares/Third_Party/FatFs/src/ff.o
 .text.get_fat  0x0800ab96      0x1a6 ./Middlewares/Third_Party/FatFs/src/ff.o
 .text.put_fat  0x0800ad3c      0x234 ./Middlewares/Third_Party/FatFs/src/ff.o
 .text.remove_chain
                0x0800af70       0xca ./Middlewares/Third_Party/FatFs/src/ff.o
 .text.create_chain
                0x0800b03a      0x130 ./Middlewares/Third_Party/FatFs/src/ff.o
 .text.clmt_clust
                0x0800b16a       0x70 ./Middlewares/Third_Party/FatFs/src/ff.o
 .text.dir_sdi  0x0800b1da      0x112 ./Middlewares/Third_Party/FatFs/src/ff.o
 .text.dir_next
                0x0800b2ec      0x1ac ./Middlewares/Third_Party/FatFs/src/ff.o
 .text.dir_alloc
                0x0800b498       0x8e ./Middlewares/Third_Party/FatFs/src/ff.o
 .text.ld_clust
                0x0800b526       0x3e ./Middlewares/Third_Party/FatFs/src/ff.o
 .text.st_clust
                0x0800b564       0x40 ./Middlewares/Third_Party/FatFs/src/ff.o
 .text.cmp_lfn  0x0800b5a4       0xe0 ./Middlewares/Third_Party/FatFs/src/ff.o
 .text.put_lfn  0x0800b684       0xd0 ./Middlewares/Third_Party/FatFs/src/ff.o
 .text.gen_numname
                0x0800b754      0x11c ./Middlewares/Third_Party/FatFs/src/ff.o
 .text.sum_sfn  0x0800b870       0x42 ./Middlewares/Third_Party/FatFs/src/ff.o
 .text.dir_find
                0x0800b8b2      0x180 ./Middlewares/Third_Party/FatFs/src/ff.o
 *fill*         0x0800ba32        0x2 
 .text.dir_register
                0x0800ba34      0x1f0 ./Middlewares/Third_Party/FatFs/src/ff.o
 .text.create_name
                0x0800bc24      0x370 ./Middlewares/Third_Party/FatFs/src/ff.o
 .text.follow_path
                0x0800bf94       0xec ./Middlewares/Third_Party/FatFs/src/ff.o
 .text.get_ldnumber
                0x0800c080       0x88 ./Middlewares/Third_Party/FatFs/src/ff.o
 .text.check_fs
                0x0800c108       0xac ./Middlewares/Third_Party/FatFs/src/ff.o
 .text.find_volume
                0x0800c1b4      0x50c ./Middlewares/Third_Party/FatFs/src/ff.o
 .text.validate
                0x0800c6c0       0x6a ./Middlewares/Third_Party/FatFs/src/ff.o
 *fill*         0x0800c72a        0x2 
 .text.f_mount  0x0800c72c       0x8c ./Middlewares/Third_Party/FatFs/src/ff.o
                0x0800c72c                f_mount
 .text.f_open   0x0800c7b8      0x390 ./Middlewares/Third_Party/FatFs/src/ff.o
                0x0800c7b8                f_open
 .text.f_read   0x0800cb48      0x2be ./Middlewares/Third_Party/FatFs/src/ff.o
                0x0800cb48                f_read
 .text.f_sync   0x0800ce06       0xfc ./Middlewares/Third_Party/FatFs/src/ff.o
                0x0800ce06                f_sync
 .text.f_close  0x0800cf02       0x54 ./Middlewares/Third_Party/FatFs/src/ff.o
                0x0800cf02                f_close
 *fill*         0x0800cf56        0x2 
 .text.FATFS_LinkDriverEx
                0x0800cf58       0x98 ./Middlewares/Third_Party/FatFs/src/ff_gen_drv.o
                0x0800cf58                FATFS_LinkDriverEx
 .text.FATFS_LinkDriver
                0x0800cff0       0x1e ./Middlewares/Third_Party/FatFs/src/ff_gen_drv.o
                0x0800cff0                FATFS_LinkDriver
 *fill*         0x0800d00e        0x2 
 .text.ff_convert
                0x0800d010       0x78 ./Middlewares/Third_Party/FatFs/src/option/ccsbcs.o
                0x0800d010                ff_convert
 .text.ff_wtoupper
                0x0800d088      0x114 ./Middlewares/Third_Party/FatFs/src/option/ccsbcs.o
                0x0800d088                ff_wtoupper
 .text.srand    0x0800d19c       0x5c C:/ST/STM32CubeIDE_1.18.0/STM32CubeIDE/plugins/com.st.stm32cube.ide.mcu.externaltools.gnu-tools-for-stm32.13.3.rel1.win32_1.0.0.202411081344/tools/bin/../lib/gcc/arm-none-eabi/13.3.1/../../../../arm-none-eabi/lib/thumb/v7e-m+fp/hard\libc_nano.a(libc_a-rand.o)
                0x0800d19c                srand
 .text.rand     0x0800d1f8       0x7c C:/ST/STM32CubeIDE_1.18.0/STM32CubeIDE/plugins/com.st.stm32cube.ide.mcu.externaltools.gnu-tools-for-stm32.13.3.rel1.win32_1.0.0.202411081344/tools/bin/../lib/gcc/arm-none-eabi/13.3.1/../../../../arm-none-eabi/lib/thumb/v7e-m+fp/hard\libc_nano.a(libc_a-rand.o)
                0x0800d1f8                rand
 .text.std      0x0800d274       0x6c C:/ST/STM32CubeIDE_1.18.0/STM32CubeIDE/plugins/com.st.stm32cube.ide.mcu.externaltools.gnu-tools-for-stm32.13.3.rel1.win32_1.0.0.202411081344/tools/bin/../lib/gcc/arm-none-eabi/13.3.1/../../../../arm-none-eabi/lib/thumb/v7e-m+fp/hard\libc_nano.a(libc_a-findfp.o)
 .text.stdio_exit_handler
                0x0800d2e0       0x18 C:/ST/STM32CubeIDE_1.18.0/STM32CubeIDE/plugins/com.st.stm32cube.ide.mcu.externaltools.gnu-tools-for-stm32.13.3.rel1.win32_1.0.0.202411081344/tools/bin/../lib/gcc/arm-none-eabi/13.3.1/../../../../arm-none-eabi/lib/thumb/v7e-m+fp/hard\libc_nano.a(libc_a-findfp.o)
 .text.cleanup_stdio
                0x0800d2f8       0x40 C:/ST/STM32CubeIDE_1.18.0/STM32CubeIDE/plugins/com.st.stm32cube.ide.mcu.externaltools.gnu-tools-for-stm32.13.3.rel1.win32_1.0.0.202411081344/tools/bin/../lib/gcc/arm-none-eabi/13.3.1/../../../../arm-none-eabi/lib/thumb/v7e-m+fp/hard\libc_nano.a(libc_a-findfp.o)
 .text.global_stdio_init.part.0
                0x0800d338       0x3c C:/ST/STM32CubeIDE_1.18.0/STM32CubeIDE/plugins/com.st.stm32cube.ide.mcu.externaltools.gnu-tools-for-stm32.13.3.rel1.win32_1.0.0.202411081344/tools/bin/../lib/gcc/arm-none-eabi/13.3.1/../../../../arm-none-eabi/lib/thumb/v7e-m+fp/hard\libc_nano.a(libc_a-findfp.o)
 .text.__sfp_lock_acquire
                0x0800d374        0xc C:/ST/STM32CubeIDE_1.18.0/STM32CubeIDE/plugins/com.st.stm32cube.ide.mcu.externaltools.gnu-tools-for-stm32.13.3.rel1.win32_1.0.0.202411081344/tools/bin/../lib/gcc/arm-none-eabi/13.3.1/../../../../arm-none-eabi/lib/thumb/v7e-m+fp/hard\libc_nano.a(libc_a-findfp.o)
                0x0800d374                __sfp_lock_acquire
 .text.__sfp_lock_release
                0x0800d380        0xc C:/ST/STM32CubeIDE_1.18.0/STM32CubeIDE/plugins/com.st.stm32cube.ide.mcu.externaltools.gnu-tools-for-stm32.13.3.rel1.win32_1.0.0.202411081344/tools/bin/../lib/gcc/arm-none-eabi/13.3.1/../../../../arm-none-eabi/lib/thumb/v7e-m+fp/hard\libc_nano.a(libc_a-findfp.o)
                0x0800d380                __sfp_lock_release
 .text.__sinit  0x0800d38c       0x30 C:/ST/STM32CubeIDE_1.18.0/STM32CubeIDE/plugins/com.st.stm32cube.ide.mcu.externaltools.gnu-tools-for-stm32.13.3.rel1.win32_1.0.0.202411081344/tools/bin/../lib/gcc/arm-none-eabi/13.3.1/../../../../arm-none-eabi/lib/thumb/v7e-m+fp/hard\libc_nano.a(libc_a-findfp.o)
                0x0800d38c                __sinit
 .text._fwalk_sglue
                0x0800d3bc       0x3c C:/ST/STM32CubeIDE_1.18.0/STM32CubeIDE/plugins/com.st.stm32cube.ide.mcu.externaltools.gnu-tools-for-stm32.13.3.rel1.win32_1.0.0.202411081344/tools/bin/../lib/gcc/arm-none-eabi/13.3.1/../../../../arm-none-eabi/lib/thumb/v7e-m+fp/hard\libc_nano.a(libc_a-fwalk.o)
                0x0800d3bc                _fwalk_sglue
 .text.__sread  0x0800d3f8       0x22 C:/ST/STM32CubeIDE_1.18.0/STM32CubeIDE/plugins/com.st.stm32cube.ide.mcu.externaltools.gnu-tools-for-stm32.13.3.rel1.win32_1.0.0.202411081344/tools/bin/../lib/gcc/arm-none-eabi/13.3.1/../../../../arm-none-eabi/lib/thumb/v7e-m+fp/hard\libc_nano.a(libc_a-stdio.o)
                0x0800d3f8                __sread
 .text.__swrite
                0x0800d41a       0x38 C:/ST/STM32CubeIDE_1.18.0/STM32CubeIDE/plugins/com.st.stm32cube.ide.mcu.externaltools.gnu-tools-for-stm32.13.3.rel1.win32_1.0.0.202411081344/tools/bin/../lib/gcc/arm-none-eabi/13.3.1/../../../../arm-none-eabi/lib/thumb/v7e-m+fp/hard\libc_nano.a(libc_a-stdio.o)
                0x0800d41a                __swrite
 .text.__sseek  0x0800d452       0x24 C:/ST/STM32CubeIDE_1.18.0/STM32CubeIDE/plugins/com.st.stm32cube.ide.mcu.externaltools.gnu-tools-for-stm32.13.3.rel1.win32_1.0.0.202411081344/tools/bin/../lib/gcc/arm-none-eabi/13.3.1/../../../../arm-none-eabi/lib/thumb/v7e-m+fp/hard\libc_nano.a(libc_a-stdio.o)
                0x0800d452                __sseek
 .text.__sclose
                0x0800d476        0x8 C:/ST/STM32CubeIDE_1.18.0/STM32CubeIDE/plugins/com.st.stm32cube.ide.mcu.externaltools.gnu-tools-for-stm32.13.3.rel1.win32_1.0.0.202411081344/tools/bin/../lib/gcc/arm-none-eabi/13.3.1/../../../../arm-none-eabi/lib/thumb/v7e-m+fp/hard\libc_nano.a(libc_a-stdio.o)
                0x0800d476                __sclose
 .text.memset   0x0800d47e       0x10 C:/ST/STM32CubeIDE_1.18.0/STM32CubeIDE/plugins/com.st.stm32cube.ide.mcu.externaltools.gnu-tools-for-stm32.13.3.rel1.win32_1.0.0.202411081344/tools/bin/../lib/gcc/arm-none-eabi/13.3.1/../../../../arm-none-eabi/lib/thumb/v7e-m+fp/hard\libc_nano.a(libc_a-memset.o)
                0x0800d47e                memset
 *fill*         0x0800d48e        0x2 
 .text._close_r
                0x0800d490       0x20 C:/ST/STM32CubeIDE_1.18.0/STM32CubeIDE/plugins/com.st.stm32cube.ide.mcu.externaltools.gnu-tools-for-stm32.13.3.rel1.win32_1.0.0.202411081344/tools/bin/../lib/gcc/arm-none-eabi/13.3.1/../../../../arm-none-eabi/lib/thumb/v7e-m+fp/hard\libc_nano.a(libc_a-closer.o)
                0x0800d490                _close_r
 .text._lseek_r
                0x0800d4b0       0x24 C:/ST/STM32CubeIDE_1.18.0/STM32CubeIDE/plugins/com.st.stm32cube.ide.mcu.externaltools.gnu-tools-for-stm32.13.3.rel1.win32_1.0.0.202411081344/tools/bin/../lib/gcc/arm-none-eabi/13.3.1/../../../../arm-none-eabi/lib/thumb/v7e-m+fp/hard\libc_nano.a(libc_a-lseekr.o)
                0x0800d4b0                _lseek_r
 .text._read_r  0x0800d4d4       0x24 C:/ST/STM32CubeIDE_1.18.0/STM32CubeIDE/plugins/com.st.stm32cube.ide.mcu.externaltools.gnu-tools-for-stm32.13.3.rel1.win32_1.0.0.202411081344/tools/bin/../lib/gcc/arm-none-eabi/13.3.1/../../../../arm-none-eabi/lib/thumb/v7e-m+fp/hard\libc_nano.a(libc_a-readr.o)
                0x0800d4d4                _read_r
 .text._write_r
                0x0800d4f8       0x24 C:/ST/STM32CubeIDE_1.18.0/STM32CubeIDE/plugins/com.st.stm32cube.ide.mcu.externaltools.gnu-tools-for-stm32.13.3.rel1.win32_1.0.0.202411081344/tools/bin/../lib/gcc/arm-none-eabi/13.3.1/../../../../arm-none-eabi/lib/thumb/v7e-m+fp/hard\libc_nano.a(libc_a-writer.o)
                0x0800d4f8                _write_r
 .text.__errno  0x0800d51c        0xc C:/ST/STM32CubeIDE_1.18.0/STM32CubeIDE/plugins/com.st.stm32cube.ide.mcu.externaltools.gnu-tools-for-stm32.13.3.rel1.win32_1.0.0.202411081344/tools/bin/../lib/gcc/arm-none-eabi/13.3.1/../../../../arm-none-eabi/lib/thumb/v7e-m+fp/hard\libc_nano.a(libc_a-errno.o)
                0x0800d51c                __errno
 .text.__libc_init_array
                0x0800d528       0x48 C:/ST/STM32CubeIDE_1.18.0/STM32CubeIDE/plugins/com.st.stm32cube.ide.mcu.externaltools.gnu-tools-for-stm32.13.3.rel1.win32_1.0.0.202411081344/tools/bin/../lib/gcc/arm-none-eabi/13.3.1/../../../../arm-none-eabi/lib/thumb/v7e-m+fp/hard\libc_nano.a(libc_a-init.o)
                0x0800d528                __libc_init_array
 .text.__retarget_lock_init_recursive
                0x0800d570        0x2 C:/ST/STM32CubeIDE_1.18.0/STM32CubeIDE/plugins/com.st.stm32cube.ide.mcu.externaltools.gnu-tools-for-stm32.13.3.rel1.win32_1.0.0.202411081344/tools/bin/../lib/gcc/arm-none-eabi/13.3.1/../../../../arm-none-eabi/lib/thumb/v7e-m+fp/hard\libc_nano.a(libc_a-lock.o)
                0x0800d570                __retarget_lock_init_recursive
 .text.__retarget_lock_acquire_recursive
                0x0800d572        0x2 C:/ST/STM32CubeIDE_1.18.0/STM32CubeIDE/plugins/com.st.stm32cube.ide.mcu.externaltools.gnu-tools-for-stm32.13.3.rel1.win32_1.0.0.202411081344/tools/bin/../lib/gcc/arm-none-eabi/13.3.1/../../../../arm-none-eabi/lib/thumb/v7e-m+fp/hard\libc_nano.a(libc_a-lock.o)
                0x0800d572                __retarget_lock_acquire_recursive
 .text.__retarget_lock_release_recursive
                0x0800d574        0x2 C:/ST/STM32CubeIDE_1.18.0/STM32CubeIDE/plugins/com.st.stm32cube.ide.mcu.externaltools.gnu-tools-for-stm32.13.3.rel1.win32_1.0.0.202411081344/tools/bin/../lib/gcc/arm-none-eabi/13.3.1/../../../../arm-none-eabi/lib/thumb/v7e-m+fp/hard\libc_nano.a(libc_a-lock.o)
                0x0800d574                __retarget_lock_release_recursive
 *fill*         0x0800d576        0x2 
 .text.__assert_func
                0x0800d578       0x3c C:/ST/STM32CubeIDE_1.18.0/STM32CubeIDE/plugins/com.st.stm32cube.ide.mcu.externaltools.gnu-tools-for-stm32.13.3.rel1.win32_1.0.0.202411081344/tools/bin/../lib/gcc/arm-none-eabi/13.3.1/../../../../arm-none-eabi/lib/thumb/v7e-m+fp/hard\libc_nano.a(libc_a-assert.o)
                0x0800d578                __assert_func
 .text._free_r  0x0800d5b4       0x94 C:/ST/STM32CubeIDE_1.18.0/STM32CubeIDE/plugins/com.st.stm32cube.ide.mcu.externaltools.gnu-tools-for-stm32.13.3.rel1.win32_1.0.0.202411081344/tools/bin/../lib/gcc/arm-none-eabi/13.3.1/../../../../arm-none-eabi/lib/thumb/v7e-m+fp/hard\libc_nano.a(libc_a-freer.o)
                0x0800d5b4                _free_r
 .text.malloc   0x0800d648       0x10 C:/ST/STM32CubeIDE_1.18.0/STM32CubeIDE/plugins/com.st.stm32cube.ide.mcu.externaltools.gnu-tools-for-stm32.13.3.rel1.win32_1.0.0.202411081344/tools/bin/../lib/gcc/arm-none-eabi/13.3.1/../../../../arm-none-eabi/lib/thumb/v7e-m+fp/hard\libc_nano.a(libc_a-malloc.o)
                0x0800d648                malloc
 .text.sbrk_aligned
                0x0800d658       0x44 C:/ST/STM32CubeIDE_1.18.0/STM32CubeIDE/plugins/com.st.stm32cube.ide.mcu.externaltools.gnu-tools-for-stm32.13.3.rel1.win32_1.0.0.202411081344/tools/bin/../lib/gcc/arm-none-eabi/13.3.1/../../../../arm-none-eabi/lib/thumb/v7e-m+fp/hard\libc_nano.a(libc_a-mallocr.o)
 .text._malloc_r
                0x0800d69c      0x100 C:/ST/STM32CubeIDE_1.18.0/STM32CubeIDE/plugins/com.st.stm32cube.ide.mcu.externaltools.gnu-tools-for-stm32.13.3.rel1.win32_1.0.0.202411081344/tools/bin/../lib/gcc/arm-none-eabi/13.3.1/../../../../arm-none-eabi/lib/thumb/v7e-m+fp/hard\libc_nano.a(libc_a-mallocr.o)
                0x0800d69c                _malloc_r
 .text.__malloc_lock
                0x0800d79c        0xc C:/ST/STM32CubeIDE_1.18.0/STM32CubeIDE/plugins/com.st.stm32cube.ide.mcu.externaltools.gnu-tools-for-stm32.13.3.rel1.win32_1.0.0.202411081344/tools/bin/../lib/gcc/arm-none-eabi/13.3.1/../../../../arm-none-eabi/lib/thumb/v7e-m+fp/hard\libc_nano.a(libc_a-mlock.o)
                0x0800d79c                __malloc_lock
 .text.__malloc_unlock
                0x0800d7a8        0xc C:/ST/STM32CubeIDE_1.18.0/STM32CubeIDE/plugins/com.st.stm32cube.ide.mcu.externaltools.gnu-tools-for-stm32.13.3.rel1.win32_1.0.0.202411081344/tools/bin/../lib/gcc/arm-none-eabi/13.3.1/../../../../arm-none-eabi/lib/thumb/v7e-m+fp/hard\libc_nano.a(libc_a-mlock.o)
                0x0800d7a8                __malloc_unlock
 .text.__sflush_r
                0x0800d7b4      0x108 C:/ST/STM32CubeIDE_1.18.0/STM32CubeIDE/plugins/com.st.stm32cube.ide.mcu.externaltools.gnu-tools-for-stm32.13.3.rel1.win32_1.0.0.202411081344/tools/bin/../lib/gcc/arm-none-eabi/13.3.1/../../../../arm-none-eabi/lib/thumb/v7e-m+fp/hard\libc_nano.a(libc_a-fflush.o)
                0x0800d7b4                __sflush_r
 .text._fflush_r
                0x0800d8bc       0x50 C:/ST/STM32CubeIDE_1.18.0/STM32CubeIDE/plugins/com.st.stm32cube.ide.mcu.externaltools.gnu-tools-for-stm32.13.3.rel1.win32_1.0.0.202411081344/tools/bin/../lib/gcc/arm-none-eabi/13.3.1/../../../../arm-none-eabi/lib/thumb/v7e-m+fp/hard\libc_nano.a(libc_a-fflush.o)
                0x0800d8bc                _fflush_r
 .text.fprintf  0x0800d90c       0x24 C:/ST/STM32CubeIDE_1.18.0/STM32CubeIDE/plugins/com.st.stm32cube.ide.mcu.externaltools.gnu-tools-for-stm32.13.3.rel1.win32_1.0.0.202411081344/tools/bin/../lib/gcc/arm-none-eabi/13.3.1/../../../../arm-none-eabi/lib/thumb/v7e-m+fp/hard\libc_nano.a(libc_a-fprintf.o)
                0x0800d90c                fiprintf
                0x0800d90c                fprintf
 .text._sbrk_r  0x0800d930       0x20 C:/ST/STM32CubeIDE_1.18.0/STM32CubeIDE/plugins/com.st.stm32cube.ide.mcu.externaltools.gnu-tools-for-stm32.13.3.rel1.win32_1.0.0.202411081344/tools/bin/../lib/gcc/arm-none-eabi/13.3.1/../../../../arm-none-eabi/lib/thumb/v7e-m+fp/hard\libc_nano.a(libc_a-sbrkr.o)
                0x0800d930                _sbrk_r
 .text.abort    0x0800d950        0xe C:/ST/STM32CubeIDE_1.18.0/STM32CubeIDE/plugins/com.st.stm32cube.ide.mcu.externaltools.gnu-tools-for-stm32.13.3.rel1.win32_1.0.0.202411081344/tools/bin/../lib/gcc/arm-none-eabi/13.3.1/../../../../arm-none-eabi/lib/thumb/v7e-m+fp/hard\libc_nano.a(libc_a-abort.o)
                0x0800d950                abort
 .text.__sfputc_r
                0x0800d95e       0x2e C:/ST/STM32CubeIDE_1.18.0/STM32CubeIDE/plugins/com.st.stm32cube.ide.mcu.externaltools.gnu-tools-for-stm32.13.3.rel1.win32_1.0.0.202411081344/tools/bin/../lib/gcc/arm-none-eabi/13.3.1/../../../../arm-none-eabi/lib/thumb/v7e-m+fp/hard\libc_nano.a(libc_a-nano-vfprintf.o)
 .text.__sfputs_r
                0x0800d98c       0x24 C:/ST/STM32CubeIDE_1.18.0/STM32CubeIDE/plugins/com.st.stm32cube.ide.mcu.externaltools.gnu-tools-for-stm32.13.3.rel1.win32_1.0.0.202411081344/tools/bin/../lib/gcc/arm-none-eabi/13.3.1/../../../../arm-none-eabi/lib/thumb/v7e-m+fp/hard\libc_nano.a(libc_a-nano-vfprintf.o)
                0x0800d98c                __sfputs_r
 .text._vfprintf_r
                0x0800d9b0      0x230 C:/ST/STM32CubeIDE_1.18.0/STM32CubeIDE/plugins/com.st.stm32cube.ide.mcu.externaltools.gnu-tools-for-stm32.13.3.rel1.win32_1.0.0.202411081344/tools/bin/../lib/gcc/arm-none-eabi/13.3.1/../../../../arm-none-eabi/lib/thumb/v7e-m+fp/hard\libc_nano.a(libc_a-nano-vfprintf.o)
                0x0800d9b0                _vfprintf_r
                0x0800d9b0                _vfiprintf_r
 .text._printf_common
                0x0800dbe0       0xda C:/ST/STM32CubeIDE_1.18.0/STM32CubeIDE/plugins/com.st.stm32cube.ide.mcu.externaltools.gnu-tools-for-stm32.13.3.rel1.win32_1.0.0.202411081344/tools/bin/../lib/gcc/arm-none-eabi/13.3.1/../../../../arm-none-eabi/lib/thumb/v7e-m+fp/hard\libc_nano.a(libc_a-nano-vfprintf_i.o)
                0x0800dbe0                _printf_common
 *fill*         0x0800dcba        0x2 
 .text._printf_i
                0x0800dcbc      0x23c C:/ST/STM32CubeIDE_1.18.0/STM32CubeIDE/plugins/com.st.stm32cube.ide.mcu.externaltools.gnu-tools-for-stm32.13.3.rel1.win32_1.0.0.202411081344/tools/bin/../lib/gcc/arm-none-eabi/13.3.1/../../../../arm-none-eabi/lib/thumb/v7e-m+fp/hard\libc_nano.a(libc_a-nano-vfprintf_i.o)
                0x0800dcbc                _printf_i
 .text.__swbuf_r
                0x0800def8       0x7c C:/ST/STM32CubeIDE_1.18.0/STM32CubeIDE/plugins/com.st.stm32cube.ide.mcu.externaltools.gnu-tools-for-stm32.13.3.rel1.win32_1.0.0.202411081344/tools/bin/../lib/gcc/arm-none-eabi/13.3.1/../../../../arm-none-eabi/lib/thumb/v7e-m+fp/hard\libc_nano.a(libc_a-wbuf.o)
                0x0800def8                __swbuf_r
 .text.__swsetup_r
                0x0800df74       0xac C:/ST/STM32CubeIDE_1.18.0/STM32CubeIDE/plugins/com.st.stm32cube.ide.mcu.externaltools.gnu-tools-for-stm32.13.3.rel1.win32_1.0.0.202411081344/tools/bin/../lib/gcc/arm-none-eabi/13.3.1/../../../../arm-none-eabi/lib/thumb/v7e-m+fp/hard\libc_nano.a(libc_a-wsetup.o)
                0x0800df74                __swsetup_r
 .text._raise_r
                0x0800e020       0x50 C:/ST/STM32CubeIDE_1.18.0/STM32CubeIDE/plugins/com.st.stm32cube.ide.mcu.externaltools.gnu-tools-for-stm32.13.3.rel1.win32_1.0.0.202411081344/tools/bin/../lib/gcc/arm-none-eabi/13.3.1/../../../../arm-none-eabi/lib/thumb/v7e-m+fp/hard\libc_nano.a(libc_a-signal.o)
                0x0800e020                _raise_r
 .text.raise    0x0800e070       0x10 C:/ST/STM32CubeIDE_1.18.0/STM32CubeIDE/plugins/com.st.stm32cube.ide.mcu.externaltools.gnu-tools-for-stm32.13.3.rel1.win32_1.0.0.202411081344/tools/bin/../lib/gcc/arm-none-eabi/13.3.1/../../../../arm-none-eabi/lib/thumb/v7e-m+fp/hard\libc_nano.a(libc_a-signal.o)
                0x0800e070                raise
 .text._kill_r  0x0800e080       0x24 C:/ST/STM32CubeIDE_1.18.0/STM32CubeIDE/plugins/com.st.stm32cube.ide.mcu.externaltools.gnu-tools-for-stm32.13.3.rel1.win32_1.0.0.202411081344/tools/bin/../lib/gcc/arm-none-eabi/13.3.1/../../../../arm-none-eabi/lib/thumb/v7e-m+fp/hard\libc_nano.a(libc_a-signalr.o)
                0x0800e080                _kill_r
 .text._getpid_r
                0x0800e0a4        0x4 C:/ST/STM32CubeIDE_1.18.0/STM32CubeIDE/plugins/com.st.stm32cube.ide.mcu.externaltools.gnu-tools-for-stm32.13.3.rel1.win32_1.0.0.202411081344/tools/bin/../lib/gcc/arm-none-eabi/13.3.1/../../../../arm-none-eabi/lib/thumb/v7e-m+fp/hard\libc_nano.a(libc_a-signalr.o)
                0x0800e0a4                _getpid_r
 .text.__swhatbuf_r
                0x0800e0a8       0x4c C:/ST/STM32CubeIDE_1.18.0/STM32CubeIDE/plugins/com.st.stm32cube.ide.mcu.externaltools.gnu-tools-for-stm32.13.3.rel1.win32_1.0.0.202411081344/tools/bin/../lib/gcc/arm-none-eabi/13.3.1/../../../../arm-none-eabi/lib/thumb/v7e-m+fp/hard\libc_nano.a(libc_a-makebuf.o)
                0x0800e0a8                __swhatbuf_r
 .text.__smakebuf_r
                0x0800e0f4       0x78 C:/ST/STM32CubeIDE_1.18.0/STM32CubeIDE/plugins/com.st.stm32cube.ide.mcu.externaltools.gnu-tools-for-stm32.13.3.rel1.win32_1.0.0.202411081344/tools/bin/../lib/gcc/arm-none-eabi/13.3.1/../../../../arm-none-eabi/lib/thumb/v7e-m+fp/hard\libc_nano.a(libc_a-makebuf.o)
                0x0800e0f4                __smakebuf_r
 .text._fstat_r
                0x0800e16c       0x24 C:/ST/STM32CubeIDE_1.18.0/STM32CubeIDE/plugins/com.st.stm32cube.ide.mcu.externaltools.gnu-tools-for-stm32.13.3.rel1.win32_1.0.0.202411081344/tools/bin/../lib/gcc/arm-none-eabi/13.3.1/../../../../arm-none-eabi/lib/thumb/v7e-m+fp/hard\libc_nano.a(libc_a-fstatr.o)
                0x0800e16c                _fstat_r
 .text._isatty_r
                0x0800e190       0x20 C:/ST/STM32CubeIDE_1.18.0/STM32CubeIDE/plugins/com.st.stm32cube.ide.mcu.externaltools.gnu-tools-for-stm32.13.3.rel1.win32_1.0.0.202411081344/tools/bin/../lib/gcc/arm-none-eabi/13.3.1/../../../../arm-none-eabi/lib/thumb/v7e-m+fp/hard\libc_nano.a(libc_a-isattyr.o)
                0x0800e190                _isatty_r
 *(.glue_7)
 .glue_7        0x0800e1b0        0x0 linker stubs
 *(.glue_7t)
 .glue_7t       0x0800e1b0        0x0 linker stubs
 *(.eh_frame)
 .eh_frame      0x0800e1b0        0x0 C:/ST/STM32CubeIDE_1.18.0/STM32CubeIDE/plugins/com.st.stm32cube.ide.mcu.externaltools.gnu-tools-for-stm32.13.3.rel1.win32_1.0.0.202411081344/tools/bin/../lib/gcc/arm-none-eabi/13.3.1/thumb/v7e-m+fp/hard/crtbegin.o
 *(.init)
 .init          0x0800e1b0        0x4 C:/ST/STM32CubeIDE_1.18.0/STM32CubeIDE/plugins/com.st.stm32cube.ide.mcu.externaltools.gnu-tools-for-stm32.13.3.rel1.win32_1.0.0.202411081344/tools/bin/../lib/gcc/arm-none-eabi/13.3.1/thumb/v7e-m+fp/hard/crti.o
                0x0800e1b0                _init
 .init          0x0800e1b4        0x8 C:/ST/STM32CubeIDE_1.18.0/STM32CubeIDE/plugins/com.st.stm32cube.ide.mcu.externaltools.gnu-tools-for-stm32.13.3.rel1.win32_1.0.0.202411081344/tools/bin/../lib/gcc/arm-none-eabi/13.3.1/thumb/v7e-m+fp/hard/crtn.o
 *(.fini)
 .fini          0x0800e1bc        0x4 C:/ST/STM32CubeIDE_1.18.0/STM32CubeIDE/plugins/com.st.stm32cube.ide.mcu.externaltools.gnu-tools-for-stm32.13.3.rel1.win32_1.0.0.202411081344/tools/bin/../lib/gcc/arm-none-eabi/13.3.1/thumb/v7e-m+fp/hard/crti.o
                0x0800e1bc                _fini
 .fini          0x0800e1c0        0x8 C:/ST/STM32CubeIDE_1.18.0/STM32CubeIDE/plugins/com.st.stm32cube.ide.mcu.externaltools.gnu-tools-for-stm32.13.3.rel1.win32_1.0.0.202411081344/tools/bin/../lib/gcc/arm-none-eabi/13.3.1/thumb/v7e-m+fp/hard/crtn.o
                0x0800e1c8                        . = ALIGN (0x4)
                0x0800e1c8                        _etext = .

.vfp11_veneer   0x0800e1c8        0x0
 .vfp11_veneer  0x0800e1c8        0x0 linker stubs

.v4_bx          0x0800e1c8        0x0
 .v4_bx         0x0800e1c8        0x0 linker stubs

.iplt           0x0800e1c8        0x0
 .iplt          0x0800e1c8        0x0 C:/ST/STM32CubeIDE_1.18.0/STM32CubeIDE/plugins/com.st.stm32cube.ide.mcu.externaltools.gnu-tools-for-stm32.13.3.rel1.win32_1.0.0.202411081344/tools/bin/../lib/gcc/arm-none-eabi/13.3.1/thumb/v7e-m+fp/hard/crtbegin.o

.rodata         0x0800e1c8     0xd59c
                0x0800e1c8                        . = ALIGN (0x4)
 *(.rodata)
 .rodata        0x0800e1c8       0x4c ./Core/Src/main.o
 .rodata        0x0800e214       0x48 ./Middlewares/Third_Party/FatFs/src/ff.o
 *(.rodata*)
 .rodata.button_arrow_left_0_data
                0x0800e25c       0xc4 ./Core/Src/main.o
 .rodata.button_arrow_left_1_data
                0x0800e320       0xc4 ./Core/Src/main.o
 .rodata.button_arrow_right_0_data
                0x0800e3e4       0xc4 ./Core/Src/main.o
 .rodata.button_arrow_right_1_data
                0x0800e4a8       0xc4 ./Core/Src/main.o
 .rodata.button_back_0_data
                0x0800e56c      0x560 ./Core/Src/main.o
 .rodata.button_back_1_data
                0x0800eacc      0x560 ./Core/Src/main.o
 .rodata.button_mode_infinity_1_data
                0x0800f02c      0xcf0 ./Core/Src/main.o
 .rodata.button_mode_limited_1_data
                0x0800fd1c      0xcf0 ./Core/Src/main.o
 .rodata.button_number_0_data
                0x08010a0c       0xc0 ./Core/Src/main.o
 .rodata.button_number_1_data
                0x08010acc       0xc0 ./Core/Src/main.o
 .rodata.button_number_2_data
                0x08010b8c       0xc0 ./Core/Src/main.o
 .rodata.button_number_3_data
                0x08010c4c       0xc0 ./Core/Src/main.o
 .rodata.button_number_4_data
                0x08010d0c       0xc0 ./Core/Src/main.o
 .rodata.button_number_5_data
                0x08010dcc       0xc0 ./Core/Src/main.o
 .rodata.button_number_6_data
                0x08010e8c       0xc0 ./Core/Src/main.o
 .rodata.button_number_7_data
                0x08010f4c       0xc0 ./Core/Src/main.o
 .rodata.button_number_8_data
                0x0801100c       0xc0 ./Core/Src/main.o
 .rodata.button_number_9_data
                0x080110cc       0xc0 ./Core/Src/main.o
 .rodata.button_speed_high_1_data
                0x0801118c      0xbb0 ./Core/Src/main.o
 .rodata.button_speed_low_1_data
                0x08011d3c      0xbb0 ./Core/Src/main.o
 .rodata.button_speed_medium_1_data
                0x080128ec      0xbb0 ./Core/Src/main.o
 .rodata.button_numbers_width
                0x0801349c       0x28 ./Core/Src/main.o
 .rodata.button_numbers_height
                0x080134c4       0x28 ./Core/Src/main.o
 .rodata.button_mode_infinity_0_data
                0x080134ec      0xcf0 ./Core/Src/main.o
 .rodata.button_mode_limited_0_data
                0x080141dc      0xcf0 ./Core/Src/main.o
 .rodata.button_settings_0_data
                0x08014ecc     0x13ba ./Core/Src/main.o
 *fill*         0x08016286        0x2 
 .rodata.button_settings_1_data
                0x08016288     0x13ba ./Core/Src/main.o
 *fill*         0x08017642        0x2 
 .rodata.button_speed_high_0_data
                0x08017644      0xbb0 ./Core/Src/main.o
 .rodata.button_speed_low_0_data
                0x080181f4      0xbb0 ./Core/Src/main.o
 .rodata.button_speed_medium_0_data
                0x08018da4      0xbb0 ./Core/Src/main.o
 .rodata.button_start_0_data
                0x08019954      0xc66 ./Core/Src/main.o
 *fill*         0x0801a5ba        0x2 
 .rodata.button_start_1_data
                0x0801a5bc      0xc66 ./Core/Src/main.o
 *fill*         0x0801b222        0x2 
 .rodata.AHBPrescTable
                0x0801b224       0x10 ./Core/Src/system_stm32f4xx.o
                0x0801b224                AHBPrescTable
 .rodata.APBPrescTable
                0x0801b234        0x8 ./Core/Src/system_stm32f4xx.o
                0x0801b234                APBPrescTable
 .rodata.flagBitshiftOffset.0
                0x0801b23c        0x8 ./Drivers/STM32F4xx_HAL_Driver/Src/stm32f4xx_hal_dma.o
 .rodata.ExCvt  0x0801b244       0x80 ./Middlewares/Third_Party/FatFs/src/ff.o
 .rodata.LfnOfs
                0x0801b2c4        0xd ./Middlewares/Third_Party/FatFs/src/ff.o
 *fill*         0x0801b2d1        0x3 
 .rodata.Tbl    0x0801b2d4      0x100 ./Middlewares/Third_Party/FatFs/src/option/ccsbcs.o
 .rodata.cvt1.1
                0x0801b3d4      0x1f2 ./Middlewares/Third_Party/FatFs/src/option/ccsbcs.o
 *fill*         0x0801b5c6        0x2 
 .rodata.cvt2.0
                0x0801b5c8       0xbc ./Middlewares/Third_Party/FatFs/src/option/ccsbcs.o
 .rodata.srand.str1.1
                0x0801b684       0xde C:/ST/STM32CubeIDE_1.18.0/STM32CubeIDE/plugins/com.st.stm32cube.ide.mcu.externaltools.gnu-tools-for-stm32.13.3.rel1.win32_1.0.0.202411081344/tools/bin/../lib/gcc/arm-none-eabi/13.3.1/../../../../arm-none-eabi/lib/thumb/v7e-m+fp/hard\libc_nano.a(libc_a-rand.o)
                                 0x6f (size before relaxing)
 .rodata.__assert_func.str1.1
                0x0801b762       0x3d C:/ST/STM32CubeIDE_1.18.0/STM32CubeIDE/plugins/com.st.stm32cube.ide.mcu.externaltools.gnu-tools-for-stm32.13.3.rel1.win32_1.0.0.202411081344/tools/bin/../lib/gcc/arm-none-eabi/13.3.1/../../../../arm-none-eabi/lib/thumb/v7e-m+fp/hard\libc_nano.a(libc_a-assert.o)
 .rodata._vfprintf_r.str1.1
                0x0801b762       0x11 C:/ST/STM32CubeIDE_1.18.0/STM32CubeIDE/plugins/com.st.stm32cube.ide.mcu.externaltools.gnu-tools-for-stm32.13.3.rel1.win32_1.0.0.202411081344/tools/bin/../lib/gcc/arm-none-eabi/13.3.1/../../../../arm-none-eabi/lib/thumb/v7e-m+fp/hard\libc_nano.a(libc_a-nano-vfprintf.o)
 .rodata._printf_i.str1.1
                0x0801b762       0x22 C:/ST/STM32CubeIDE_1.18.0/STM32CubeIDE/plugins/com.st.stm32cube.ide.mcu.externaltools.gnu-tools-for-stm32.13.3.rel1.win32_1.0.0.202411081344/tools/bin/../lib/gcc/arm-none-eabi/13.3.1/../../../../arm-none-eabi/lib/thumb/v7e-m+fp/hard\libc_nano.a(libc_a-nano-vfprintf_i.o)
                0x0801b7a0                        . = ALIGN (0x4)
 *fill*         0x0801b762        0x2 

.ARM.extab      0x0801b764        0x0
                0x0801b764                        . = ALIGN (0x4)
 *(.ARM.extab* .gnu.linkonce.armextab.*)
                0x0801b764                        . = ALIGN (0x4)

.ARM            0x0801b764        0x8
                0x0801b764                        . = ALIGN (0x4)
                0x0801b764                        __exidx_start = .
 *(.ARM.exidx*)
 .ARM.exidx     0x0801b764        0x8 C:/ST/STM32CubeIDE_1.18.0/STM32CubeIDE/plugins/com.st.stm32cube.ide.mcu.externaltools.gnu-tools-for-stm32.13.3.rel1.win32_1.0.0.202411081344/tools/bin/../lib/gcc/arm-none-eabi/13.3.1/../../../../arm-none-eabi/lib/thumb/v7e-m+fp/hard\libc_nano.a(libc_a-memchr.o)
 .ARM.exidx     0x0801b76c        0x0 C:/ST/STM32CubeIDE_1.18.0/STM32CubeIDE/plugins/com.st.stm32cube.ide.mcu.externaltools.gnu-tools-for-stm32.13.3.rel1.win32_1.0.0.202411081344/tools/bin/../lib/gcc/arm-none-eabi/13.3.1/thumb/v7e-m+fp/hard\libgcc.a(_udivmoddi4.o)
                                  0x8 (size before relaxing)
                0x0801b76c                        __exidx_end = .
                0x0801b76c                        . = ALIGN (0x4)

.preinit_array  0x0801b76c        0x0
                0x0801b76c                        . = ALIGN (0x4)
                0x0801b76c                        PROVIDE (__preinit_array_start = .)
 *(.preinit_array*)
                0x0801b76c                        PROVIDE (__preinit_array_end = .)
                0x0801b76c                        . = ALIGN (0x4)

.init_array     0x0801b76c        0x4
                0x0801b76c                        . = ALIGN (0x4)
                0x0801b76c                        PROVIDE (__init_array_start = .)
 *(SORT_BY_NAME(.init_array.*))
 *(.init_array*)
 .init_array    0x0801b76c        0x4 C:/ST/STM32CubeIDE_1.18.0/STM32CubeIDE/plugins/com.st.stm32cube.ide.mcu.externaltools.gnu-tools-for-stm32.13.3.rel1.win32_1.0.0.202411081344/tools/bin/../lib/gcc/arm-none-eabi/13.3.1/thumb/v7e-m+fp/hard/crtbegin.o
                0x0801b770                        PROVIDE (__init_array_end = .)
                0x0801b770                        . = ALIGN (0x4)

.fini_array     0x0801b770        0x4
                0x0801b770                        . = ALIGN (0x4)
                [!provide]                        PROVIDE (__fini_array_start = .)
 *(SORT_BY_NAME(.fini_array.*))
 *(.fini_array*)
 .fini_array    0x0801b770        0x4 C:/ST/STM32CubeIDE_1.18.0/STM32CubeIDE/plugins/com.st.stm32cube.ide.mcu.externaltools.gnu-tools-for-stm32.13.3.rel1.win32_1.0.0.202411081344/tools/bin/../lib/gcc/arm-none-eabi/13.3.1/thumb/v7e-m+fp/hard/crtbegin.o
                [!provide]                        PROVIDE (__fini_array_end = .)
                0x0801b774                        . = ALIGN (0x4)
                0x0801b774                        _sidata = LOADADDR (.data)

.rel.dyn        0x0801b774        0x0
 .rel.iplt      0x0801b774        0x0 C:/ST/STM32CubeIDE_1.18.0/STM32CubeIDE/plugins/com.st.stm32cube.ide.mcu.externaltools.gnu-tools-for-stm32.13.3.rel1.win32_1.0.0.202411081344/tools/bin/../lib/gcc/arm-none-eabi/13.3.1/thumb/v7e-m+fp/hard/crtbegin.o

.data           0x20000000     0x6cb4 load address 0x0801b774
                0x20000000                        . = ALIGN (0x4)
                0x20000000                        _sdata = .
 *(.data)
 *(.data*)
 .data.Stat     0x20000000        0x1 ./Core/Src/fatfs_sd.o
 *fill*         0x20000001        0x3 
 .data.body_snake1_right_0
                0x20000004      0x200 ./Core/Src/main.o
                0x20000004                body_snake1_right_0
 .data.body_snake1_right_1
                0x20000204      0x200 ./Core/Src/main.o
                0x20000204                body_snake1_right_1
 .data.body_snake1_up_0
                0x20000404      0x200 ./Core/Src/main.o
                0x20000404                body_snake1_up_0
 .data.body_snake1_up_1
                0x20000604      0x200 ./Core/Src/main.o
                0x20000604                body_snake1_up_1
 .data.body_snake2_right_0
                0x20000804      0x200 ./Core/Src/main.o
                0x20000804                body_snake2_right_0
 .data.body_snake2_right_1
                0x20000a04      0x200 ./Core/Src/main.o
                0x20000a04                body_snake2_right_1
 .data.body_snake2_up_0
                0x20000c04      0x200 ./Core/Src/main.o
                0x20000c04                body_snake2_up_0
 .data.body_snake2_up_1
                0x20000e04      0x200 ./Core/Src/main.o
                0x20000e04                body_snake2_up_1
 .data.corner_snake1_0
                0x20001004      0x200 ./Core/Src/main.o
                0x20001004                corner_snake1_0
 .data.corner_snake1_1
                0x20001204      0x200 ./Core/Src/main.o
                0x20001204                corner_snake1_1
 .data.corner_snake2_0
                0x20001404      0x200 ./Core/Src/main.o
                0x20001404                corner_snake2_0
 .data.corner_snake2_1
                0x20001604      0x200 ./Core/Src/main.o
                0x20001604                corner_snake2_1
 .data.head_snake1_right_0
                0x20001804      0x200 ./Core/Src/main.o
                0x20001804                head_snake1_right_0
 .data.head_snake1_right_1
                0x20001a04      0x200 ./Core/Src/main.o
                0x20001a04                head_snake1_right_1
 .data.head_snake1_right_crash_0
                0x20001c04      0x200 ./Core/Src/main.o
                0x20001c04                head_snake1_right_crash_0
 .data.head_snake1_right_crash_1
                0x20001e04      0x200 ./Core/Src/main.o
                0x20001e04                head_snake1_right_crash_1
 .data.head_snake1_right_eats_0
                0x20002004      0x200 ./Core/Src/main.o
                0x20002004                head_snake1_right_eats_0
 .data.head_snake1_right_eats_1
                0x20002204      0x200 ./Core/Src/main.o
                0x20002204                head_snake1_right_eats_1
 .data.head_snake1_up_0
                0x20002404      0x200 ./Core/Src/main.o
                0x20002404                head_snake1_up_0
 .data.head_snake1_up_1
                0x20002604      0x200 ./Core/Src/main.o
                0x20002604                head_snake1_up_1
 .data.head_snake1_up_crash_0
                0x20002804      0x200 ./Core/Src/main.o
                0x20002804                head_snake1_up_crash_0
 .data.head_snake1_up_crash_1
                0x20002a04      0x200 ./Core/Src/main.o
                0x20002a04                head_snake1_up_crash_1
 .data.head_snake1_up_eats_0
                0x20002c04      0x200 ./Core/Src/main.o
                0x20002c04                head_snake1_up_eats_0
 .data.head_snake1_up_eats_1
                0x20002e04      0x200 ./Core/Src/main.o
                0x20002e04                head_snake1_up_eats_1
 .data.head_snake2_right_0
                0x20003004      0x200 ./Core/Src/main.o
                0x20003004                head_snake2_right_0
 .data.head_snake2_right_1
                0x20003204      0x200 ./Core/Src/main.o
                0x20003204                head_snake2_right_1
 .data.head_snake2_right_crash_0
                0x20003404      0x200 ./Core/Src/main.o
                0x20003404                head_snake2_right_crash_0
 .data.head_snake2_right_crash_1
                0x20003604      0x200 ./Core/Src/main.o
                0x20003604                head_snake2_right_crash_1
 .data.head_snake2_right_eats_0
                0x20003804      0x200 ./Core/Src/main.o
                0x20003804                head_snake2_right_eats_0
 .data.head_snake2_right_eats_1
                0x20003a04      0x200 ./Core/Src/main.o
                0x20003a04                head_snake2_right_eats_1
 .data.head_snake2_up_0
                0x20003c04      0x200 ./Core/Src/main.o
                0x20003c04                head_snake2_up_0
 .data.head_snake2_up_1
                0x20003e04      0x200 ./Core/Src/main.o
                0x20003e04                head_snake2_up_1
 .data.head_snake2_up_crash_0
                0x20004004      0x200 ./Core/Src/main.o
                0x20004004                head_snake2_up_crash_0
 .data.head_snake2_up_crash_1
                0x20004204      0x200 ./Core/Src/main.o
                0x20004204                head_snake2_up_crash_1
 .data.head_snake2_up_eats_0
                0x20004404      0x200 ./Core/Src/main.o
                0x20004404                head_snake2_up_eats_0
 .data.head_snake2_up_eats_1
                0x20004604      0x200 ./Core/Src/main.o
                0x20004604                head_snake2_up_eats_1
 .data.orange_0
                0x20004804      0x200 ./Core/Src/main.o
                0x20004804                orange_0
 .data.orange_1
                0x20004a04      0x200 ./Core/Src/main.o
                0x20004a04                orange_1
 .data.tail_snake1_right_0
                0x20004c04      0x200 ./Core/Src/main.o
                0x20004c04                tail_snake1_right_0
 .data.tail_snake1_right_1
                0x20004e04      0x200 ./Core/Src/main.o
                0x20004e04                tail_snake1_right_1
 .data.tail_snake1_up_0
                0x20005004      0x200 ./Core/Src/main.o
                0x20005004                tail_snake1_up_0
 .data.tail_snake1_up_1
                0x20005204      0x200 ./Core/Src/main.o
                0x20005204                tail_snake1_up_1
 .data.tail_snake2_right_0
                0x20005404      0x200 ./Core/Src/main.o
                0x20005404                tail_snake2_right_0
 .data.tail_snake2_right_1
                0x20005604      0x200 ./Core/Src/main.o
                0x20005604                tail_snake2_right_1
 .data.tail_snake2_up_0
                0x20005804      0x200 ./Core/Src/main.o
                0x20005804                tail_snake2_up_0
 .data.tail_snake2_up_1
                0x20005a04      0x200 ./Core/Src/main.o
                0x20005a04                tail_snake2_up_1
 .data.corner_snake1_right_bottom_crash_0
                0x20005c04      0x200 ./Core/Src/main.o
                0x20005c04                corner_snake1_right_bottom_crash_0
 .data.corner_snake1_right_bottom_crash_1
                0x20005e04      0x200 ./Core/Src/main.o
                0x20005e04                corner_snake1_right_bottom_crash_1
 .data.corner_snake1_top_right_crash_0
                0x20006004      0x200 ./Core/Src/main.o
                0x20006004                corner_snake1_top_right_crash_0
 .data.corner_snake1_top_right_crash_1
                0x20006204      0x200 ./Core/Src/main.o
                0x20006204                corner_snake1_top_right_crash_1
 .data.corner_snake2_right_bottom_crash_0
                0x20006404      0x200 ./Core/Src/main.o
                0x20006404                corner_snake2_right_bottom_crash_0
 .data.corner_snake2_right_bottom_crash_1
                0x20006604      0x200 ./Core/Src/main.o
                0x20006604                corner_snake2_right_bottom_crash_1
 .data.corner_snake2_top_right_crash_0
                0x20006804      0x200 ./Core/Src/main.o
                0x20006804                corner_snake2_top_right_crash_0
 .data.corner_snake2_top_right_crash_1
                0x20006a04      0x200 ./Core/Src/main.o
                0x20006a04                corner_snake2_top_right_crash_1
 .data.button_numbers_data
                0x20006c04       0x28 ./Core/Src/main.o
 .data.infinity_mode
                0x20006c2c        0x1 ./Core/Src/main.o
                0x20006c2c                infinity_mode
 *fill*         0x20006c2d        0x3 
 .data.speed    0x20006c30        0x4 ./Core/Src/main.o
                0x20006c30                speed
 .data.max_oranges
                0x20006c34        0x1 ./Core/Src/main.o
                0x20006c34                max_oranges
 *fill*         0x20006c35        0x3 
 .data.SystemCoreClock
                0x20006c38        0x4 ./Core/Src/system_stm32f4xx.o
                0x20006c38                SystemCoreClock
 .data.uwTickPrio
                0x20006c3c        0x4 ./Drivers/STM32F4xx_HAL_Driver/Src/stm32f4xx_hal.o
                0x20006c3c                uwTickPrio
 .data.uwTickFreq
                0x20006c40        0x1 ./Drivers/STM32F4xx_HAL_Driver/Src/stm32f4xx_hal.o
                0x20006c40                uwTickFreq
 *fill*         0x20006c41        0x3 
 .data.USER_Driver
                0x20006c44       0x14 ./FATFS/Target/user_diskio.o
                0x20006c44                USER_Driver
 .data.__sglue  0x20006c58        0xc C:/ST/STM32CubeIDE_1.18.0/STM32CubeIDE/plugins/com.st.stm32cube.ide.mcu.externaltools.gnu-tools-for-stm32.13.3.rel1.win32_1.0.0.202411081344/tools/bin/../lib/gcc/arm-none-eabi/13.3.1/../../../../arm-none-eabi/lib/thumb/v7e-m+fp/hard\libc_nano.a(libc_a-findfp.o)
                0x20006c58                __sglue
 .data._impure_ptr
                0x20006c64        0x4 C:/ST/STM32CubeIDE_1.18.0/STM32CubeIDE/plugins/com.st.stm32cube.ide.mcu.externaltools.gnu-tools-for-stm32.13.3.rel1.win32_1.0.0.202411081344/tools/bin/../lib/gcc/arm-none-eabi/13.3.1/../../../../arm-none-eabi/lib/thumb/v7e-m+fp/hard\libc_nano.a(libc_a-impure.o)
                0x20006c64                _impure_ptr
 .data._impure_data
                0x20006c68       0x4c C:/ST/STM32CubeIDE_1.18.0/STM32CubeIDE/plugins/com.st.stm32cube.ide.mcu.externaltools.gnu-tools-for-stm32.13.3.rel1.win32_1.0.0.202411081344/tools/bin/../lib/gcc/arm-none-eabi/13.3.1/../../../../arm-none-eabi/lib/thumb/v7e-m+fp/hard\libc_nano.a(libc_a-impure.o)
                0x20006c68                _impure_data
 *(.RamFunc)
 *(.RamFunc*)
                0x20006cb4                        . = ALIGN (0x4)
                0x20006cb4                        _edata = .

.igot.plt       0x20006cb4        0x0 load address 0x08022428
 .igot.plt      0x20006cb4        0x0 C:/ST/STM32CubeIDE_1.18.0/STM32CubeIDE/plugins/com.st.stm32cube.ide.mcu.externaltools.gnu-tools-for-stm32.13.3.rel1.win32_1.0.0.202411081344/tools/bin/../lib/gcc/arm-none-eabi/13.3.1/thumb/v7e-m+fp/hard/crtbegin.o
                0x20006cb4                        . = ALIGN (0x4)

.bss            0x20006cb4     0x2ef0 load address 0x08022428
                0x20006cb4                        _sbss = .
                0x20006cb4                        __bss_start__ = _sbss
 *(.bss)
 .bss           0x20006cb4       0x1c C:/ST/STM32CubeIDE_1.18.0/STM32CubeIDE/plugins/com.st.stm32cube.ide.mcu.externaltools.gnu-tools-for-stm32.13.3.rel1.win32_1.0.0.202411081344/tools/bin/../lib/gcc/arm-none-eabi/13.3.1/thumb/v7e-m+fp/hard/crtbegin.o
 *(.bss*)
 .bss.Timer1    0x20006cd0        0x2 ./Core/Src/fatfs_sd.o
                0x20006cd0                Timer1
 .bss.Timer2    0x20006cd2        0x2 ./Core/Src/fatfs_sd.o
                0x20006cd2                Timer2
 .bss.CardType  0x20006cd4        0x1 ./Core/Src/fatfs_sd.o
 .bss.PowerFlag
                0x20006cd5        0x1 ./Core/Src/fatfs_sd.o
 *fill*         0x20006cd6        0x2 
 .bss.fs        0x20006cd8     0x1038 ./Core/Src/main.o
                0x20006cd8                fs
 .bss.fil       0x20007d10     0x1030 ./Core/Src/main.o
                0x20007d10                fil
 .bss.fres      0x20008d40        0x1 ./Core/Src/main.o
                0x20008d40                fres
 *fill*         0x20008d41        0x3 
 .bss.br        0x20008d44        0x4 ./Core/Src/main.o
                0x20008d44                br
 .bss.hadc1     0x20008d48       0x48 ./Core/Src/main.o
                0x20008d48                hadc1
 .bss.hspi1     0x20008d90       0x58 ./Core/Src/main.o
                0x20008d90                hspi1
 .bss.huart2    0x20008de8       0x48 ./Core/Src/main.o
                0x20008de8                huart2
 .bss.huart3    0x20008e30       0x48 ./Core/Src/main.o
                0x20008e30                huart3
 .bss.hdma_usart2_tx
                0x20008e78       0x60 ./Core/Src/main.o
                0x20008e78                hdma_usart2_tx
 .bss.hdma_usart3_tx
                0x20008ed8       0x60 ./Core/Src/main.o
                0x20008ed8                hdma_usart3_tx
 .bss.lastInterruptTick
                0x20008f38        0x4 ./Core/Src/main.o
 .bss.lastITick_orange
                0x20008f3c        0x4 ./Core/Src/main.o
 .bss.lastInterruptTick_prueba
                0x20008f40        0x4 ./Core/Src/main.o
 .bss.prueba_iniciar_conteo
                0x20008f44        0x1 ./Core/Src/main.o
                0x20008f44                prueba_iniciar_conteo
 *fill*         0x20008f45        0x3 
 .bss.menu_buf  0x20008f48      0x500 ./Core/Src/main.o
                0x20008f48                menu_buf
 .bss.input_controles
                0x20009448        0x1 ./Core/Src/main.o
                0x20009448                input_controles
 .bss.received_input
                0x20009449        0x1 ./Core/Src/main.o
                0x20009449                received_input
 *fill*         0x2000944a        0x2 
 .bss.map       0x2000944c      0x12c ./Core/Src/main.o
                0x2000944c                map
 .bss.game_over
                0x20009578        0x1 ./Core/Src/main.o
                0x20009578                game_over
 .bss.stop_animations
                0x20009579        0x1 ./Core/Src/main.o
                0x20009579                stop_animations
 .bss.menu      0x2000957a        0x1 ./Core/Src/main.o
                0x2000957a                menu
 .bss.menu_window
                0x2000957b        0x1 ./Core/Src/main.o
                0x2000957b                menu_window
 .bss.showed_window
                0x2000957c        0x1 ./Core/Src/main.o
                0x2000957c                showed_window
 .bss.menu_option
                0x2000957d        0x1 ./Core/Src/main.o
                0x2000957d                menu_option
 .bss.select_option
                0x2000957e        0x1 ./Core/Src/main.o
                0x2000957e                select_option
 .bss.update_buttons
                0x2000957f        0x1 ./Core/Src/main.o
                0x2000957f                update_buttons
 .bss.available_cells
                0x20009580        0x4 ./Core/Src/main.o
                0x20009580                available_cells
 .bss.orange_random_pos
                0x20009584        0x4 ./Core/Src/main.o
                0x20009584                orange_random_pos
 .bss.cell_count
                0x20009588        0x4 ./Core/Src/main.o
                0x20009588                cell_count
 .bss.possible_orange_cell
                0x2000958c        0x4 ./Core/Src/main.o
                0x2000958c                possible_orange_cell
 .bss.positioned_orange
                0x20009590        0x4 ./Core/Src/main.o
                0x20009590                positioned_orange
 .bss.sonido    0x20009594        0x1 ./Core/Src/main.o
                0x20009594                sonido
 .bss.orange_count
                0x20009595        0x1 ./Core/Src/main.o
                0x20009595                orange_count
 *fill*         0x20009596        0x2 
 .bss.snake1    0x20009598      0x12c ./Core/Src/main.o
                0x20009598                snake1
 .bss.len_snake1
                0x200096c4        0x1 ./Core/Src/main.o
                0x200096c4                len_snake1
 .bss.dir_snake1
                0x200096c5        0x1 ./Core/Src/main.o
                0x200096c5                dir_snake1
 .bss.snake1_tail_shade
                0x200096c6        0x1 ./Core/Src/main.o
                0x200096c6                snake1_tail_shade
 .bss.snake1_lost
                0x200096c7        0x1 ./Core/Src/main.o
                0x200096c7                snake1_lost
 .bss.snake1_prev_x
                0x200096c8        0x1 ./Core/Src/main.o
                0x200096c8                snake1_prev_x
 .bss.snake1_prev_y
                0x200096c9        0x1 ./Core/Src/main.o
                0x200096c9                snake1_prev_y
 .bss.snake1_prev_dir
                0x200096ca        0x1 ./Core/Src/main.o
                0x200096ca                snake1_prev_dir
 .bss.snake1_next_x
                0x200096cb        0x1 ./Core/Src/main.o
                0x200096cb                snake1_next_x
 .bss.snake1_next_y
                0x200096cc        0x1 ./Core/Src/main.o
                0x200096cc                snake1_next_y
 .bss.snake1_next_dir
                0x200096cd        0x1 ./Core/Src/main.o
                0x200096cd                snake1_next_dir
 .bss.snake1_next_cell_value
                0x200096ce        0x1 ./Core/Src/main.o
                0x200096ce                snake1_next_cell_value
 .bss.snake1_eats
                0x200096cf        0x1 ./Core/Src/main.o
                0x200096cf                snake1_eats
 .bss.snake1_current_cell_value
                0x200096d0        0x1 ./Core/Src/main.o
                0x200096d0                snake1_current_cell_value
 .bss.snake1_orange_around
                0x200096d1        0x1 ./Core/Src/main.o
                0x200096d1                snake1_orange_around
 *fill*         0x200096d2        0x2 
 .bss.snake2    0x200096d4      0x12c ./Core/Src/main.o
                0x200096d4                snake2
 .bss.len_snake2
                0x20009800        0x1 ./Core/Src/main.o
                0x20009800                len_snake2
 .bss.dir_snake2
                0x20009801        0x1 ./Core/Src/main.o
                0x20009801                dir_snake2
 .bss.snake2_tail_shade
                0x20009802        0x1 ./Core/Src/main.o
                0x20009802                snake2_tail_shade
 .bss.snake2_lost
                0x20009803        0x1 ./Core/Src/main.o
                0x20009803                snake2_lost
 .bss.snake2_prev_x
                0x20009804        0x1 ./Core/Src/main.o
                0x20009804                snake2_prev_x
 .bss.snake2_prev_y
                0x20009805        0x1 ./Core/Src/main.o
                0x20009805                snake2_prev_y
 .bss.snake2_prev_dir
                0x20009806        0x1 ./Core/Src/main.o
                0x20009806                snake2_prev_dir
 .bss.snake2_next_x
                0x20009807        0x1 ./Core/Src/main.o
                0x20009807                snake2_next_x
 .bss.snake2_next_y
                0x20009808        0x1 ./Core/Src/main.o
                0x20009808                snake2_next_y
 .bss.snake2_next_dir
                0x20009809        0x1 ./Core/Src/main.o
                0x20009809                snake2_next_dir
 .bss.snake2_next_cell_value
                0x2000980a        0x1 ./Core/Src/main.o
                0x2000980a                snake2_next_cell_value
 .bss.snake2_eats
                0x2000980b        0x1 ./Core/Src/main.o
                0x2000980b                snake2_eats
 .bss.snake2_current_cell_value
                0x2000980c        0x1 ./Core/Src/main.o
                0x2000980c                snake2_current_cell_value
 .bss.snake2_orange_around
                0x2000980d        0x1 ./Core/Src/main.o
                0x2000980d                snake2_orange_around
 *fill*         0x2000980e        0x2 
 .bss.fault_pc_addr
                0x20009810        0x4 ./Core/Src/stm32f4xx_it.o
                0x20009810                fault_pc_addr
 .bss.__sbrk_heap_end
                0x20009814        0x4 ./Core/Src/sysmem.o
 .bss.uwTick    0x20009818        0x4 ./Drivers/STM32F4xx_HAL_Driver/Src/stm32f4xx_hal.o
                0x20009818                uwTick
 .bss.retUSER   0x2000981c        0x1 ./FATFS/App/fatfs.o
                0x2000981c                retUSER
 *fill*         0x2000981d        0x3 
 .bss.USERPath  0x20009820        0x4 ./FATFS/App/fatfs.o
                0x20009820                USERPath
 .bss.FatFs     0x20009824        0x4 ./Middlewares/Third_Party/FatFs/src/ff.o
 .bss.Fsid      0x20009828        0x2 ./Middlewares/Third_Party/FatFs/src/ff.o
 *fill*         0x2000982a        0x2 
 .bss.Files     0x2000982c       0x20 ./Middlewares/Third_Party/FatFs/src/ff.o
 .bss.LfnBuf    0x2000984c      0x200 ./Middlewares/Third_Party/FatFs/src/ff.o
 .bss.disk      0x20009a4c        0xc ./Middlewares/Third_Party/FatFs/src/ff_gen_drv.o
                0x20009a4c                disk
 .bss.__sf      0x20009a58      0x138 C:/ST/STM32CubeIDE_1.18.0/STM32CubeIDE/plugins/com.st.stm32cube.ide.mcu.externaltools.gnu-tools-for-stm32.13.3.rel1.win32_1.0.0.202411081344/tools/bin/../lib/gcc/arm-none-eabi/13.3.1/../../../../arm-none-eabi/lib/thumb/v7e-m+fp/hard\libc_nano.a(libc_a-findfp.o)
                0x20009a58                __sf
 .bss.__stdio_exit_handler
                0x20009b90        0x4 C:/ST/STM32CubeIDE_1.18.0/STM32CubeIDE/plugins/com.st.stm32cube.ide.mcu.externaltools.gnu-tools-for-stm32.13.3.rel1.win32_1.0.0.202411081344/tools/bin/../lib/gcc/arm-none-eabi/13.3.1/../../../../arm-none-eabi/lib/thumb/v7e-m+fp/hard\libc_nano.a(libc_a-findfp.o)
                0x20009b90                __stdio_exit_handler
 .bss.errno     0x20009b94        0x4 C:/ST/STM32CubeIDE_1.18.0/STM32CubeIDE/plugins/com.st.stm32cube.ide.mcu.externaltools.gnu-tools-for-stm32.13.3.rel1.win32_1.0.0.202411081344/tools/bin/../lib/gcc/arm-none-eabi/13.3.1/../../../../arm-none-eabi/lib/thumb/v7e-m+fp/hard\libc_nano.a(libc_a-reent.o)
                0x20009b94                errno
 .bss.__lock___malloc_recursive_mutex
                0x20009b98        0x1 C:/ST/STM32CubeIDE_1.18.0/STM32CubeIDE/plugins/com.st.stm32cube.ide.mcu.externaltools.gnu-tools-for-stm32.13.3.rel1.win32_1.0.0.202411081344/tools/bin/../lib/gcc/arm-none-eabi/13.3.1/../../../../arm-none-eabi/lib/thumb/v7e-m+fp/hard\libc_nano.a(libc_a-lock.o)
                0x20009b98                __lock___malloc_recursive_mutex
 .bss.__lock___sfp_recursive_mutex
                0x20009b99        0x1 C:/ST/STM32CubeIDE_1.18.0/STM32CubeIDE/plugins/com.st.stm32cube.ide.mcu.externaltools.gnu-tools-for-stm32.13.3.rel1.win32_1.0.0.202411081344/tools/bin/../lib/gcc/arm-none-eabi/13.3.1/../../../../arm-none-eabi/lib/thumb/v7e-m+fp/hard\libc_nano.a(libc_a-lock.o)
                0x20009b99                __lock___sfp_recursive_mutex
 *fill*         0x20009b9a        0x2 
 .bss.__malloc_sbrk_start
                0x20009b9c        0x4 C:/ST/STM32CubeIDE_1.18.0/STM32CubeIDE/plugins/com.st.stm32cube.ide.mcu.externaltools.gnu-tools-for-stm32.13.3.rel1.win32_1.0.0.202411081344/tools/bin/../lib/gcc/arm-none-eabi/13.3.1/../../../../arm-none-eabi/lib/thumb/v7e-m+fp/hard\libc_nano.a(libc_a-mallocr.o)
                0x20009b9c                __malloc_sbrk_start
 .bss.__malloc_free_list
                0x20009ba0        0x4 C:/ST/STM32CubeIDE_1.18.0/STM32CubeIDE/plugins/com.st.stm32cube.ide.mcu.externaltools.gnu-tools-for-stm32.13.3.rel1.win32_1.0.0.202411081344/tools/bin/../lib/gcc/arm-none-eabi/13.3.1/../../../../arm-none-eabi/lib/thumb/v7e-m+fp/hard\libc_nano.a(libc_a-mallocr.o)
                0x20009ba0                __malloc_free_list
 *(COMMON)
                0x20009ba4                        . = ALIGN (0x4)
                0x20009ba4                        _ebss = .
                0x20009ba4                        __bss_end__ = _ebss

._user_heap_stack
                0x20009ba4      0x604 load address 0x08022428
                0x20009ba8                        . = ALIGN (0x8)
 *fill*         0x20009ba4        0x4 
                [!provide]                        PROVIDE (end = .)
                0x20009ba8                        PROVIDE (_end = .)
                0x20009da8                        . = (. + _Min_Heap_Size)
 *fill*         0x20009ba8      0x200 
                0x2000a1a8                        . = (. + _Min_Stack_Size)
 *fill*         0x20009da8      0x400 
                0x2000a1a8                        . = ALIGN (0x8)

/DISCARD/
 libc.a(*)
 libm.a(*)
 libgcc.a(*)

.ARM.attributes
                0x00000000       0x30
 *(.ARM.attributes)
 .ARM.attributes
                0x00000000       0x22 C:/ST/STM32CubeIDE_1.18.0/STM32CubeIDE/plugins/com.st.stm32cube.ide.mcu.externaltools.gnu-tools-for-stm32.13.3.rel1.win32_1.0.0.202411081344/tools/bin/../lib/gcc/arm-none-eabi/13.3.1/thumb/v7e-m+fp/hard/crti.o
 .ARM.attributes
                0x00000022       0x34 C:/ST/STM32CubeIDE_1.18.0/STM32CubeIDE/plugins/com.st.stm32cube.ide.mcu.externaltools.gnu-tools-for-stm32.13.3.rel1.win32_1.0.0.202411081344/tools/bin/../lib/gcc/arm-none-eabi/13.3.1/thumb/v7e-m+fp/hard/crtbegin.o
 .ARM.attributes
                0x00000056       0x34 ./Core/Src/fatfs_sd.o
 .ARM.attributes
                0x0000008a       0x34 ./Core/Src/ili9341.o
 .ARM.attributes
                0x000000be       0x34 ./Core/Src/main.o
 .ARM.attributes
                0x000000f2       0x34 ./Core/Src/stm32f4xx_hal_msp.o
 .ARM.attributes
                0x00000126       0x34 ./Core/Src/stm32f4xx_it.o
 .ARM.attributes
                0x0000015a       0x34 ./Core/Src/syscalls.o
 .ARM.attributes
                0x0000018e       0x34 ./Core/Src/sysmem.o
 .ARM.attributes
                0x000001c2       0x34 ./Core/Src/system_stm32f4xx.o
 .ARM.attributes
                0x000001f6       0x21 ./Core/Startup/startup_stm32f446retx.o
 .ARM.attributes
                0x00000217       0x34 ./Drivers/STM32F4xx_HAL_Driver/Src/stm32f4xx_hal.o
 .ARM.attributes
                0x0000024b       0x34 ./Drivers/STM32F4xx_HAL_Driver/Src/stm32f4xx_hal_adc.o
 .ARM.attributes
                0x0000027f       0x34 ./Drivers/STM32F4xx_HAL_Driver/Src/stm32f4xx_hal_cortex.o
 .ARM.attributes
                0x000002b3       0x34 ./Drivers/STM32F4xx_HAL_Driver/Src/stm32f4xx_hal_dma.o
 .ARM.attributes
                0x000002e7       0x34 ./Drivers/STM32F4xx_HAL_Driver/Src/stm32f4xx_hal_gpio.o
 .ARM.attributes
                0x0000031b       0x34 ./Drivers/STM32F4xx_HAL_Driver/Src/stm32f4xx_hal_rcc.o
 .ARM.attributes
                0x0000034f       0x34 ./Drivers/STM32F4xx_HAL_Driver/Src/stm32f4xx_hal_rcc_ex.o
 .ARM.attributes
                0x00000383       0x34 ./Drivers/STM32F4xx_HAL_Driver/Src/stm32f4xx_hal_spi.o
 .ARM.attributes
                0x000003b7       0x34 ./Drivers/STM32F4xx_HAL_Driver/Src/stm32f4xx_hal_uart.o